2026/07/27 15:44:56 maxprocs: Leaving GOMAXPROCS=4: CPU quota undefined
[Current] DELIVERY - Takes(s): 7.9, Count: 18, TPM: 136.2, Sum(ms): 23869.9, Avg(ms): 1324.5, 50th(ms): 1006.6, 90th(ms): 2415.9, 95th(ms): 2684.4, 99th(ms): 3758.1, 99.9th(ms): 3758.1, Max(ms): 3758.1
[Current] NEW_ORDER - Takes(s): 8.8, Count: 289, TPM: 1972.9, Sum(ms): 209898.2, Avg(ms): 728.1, 50th(ms): 268.4, 90th(ms): 1946.2, 95th(ms): 3489.7, 99th(ms): 4563.4, 99.9th(ms): 5100.3, Max(ms): 5100.3
[Current] ORDER_STATUS - Takes(s): 8.9, Count: 31, TPM: 209.9, Sum(ms): 2891.4, Avg(ms): 93.2, 50th(ms): 79.7, 90th(ms): 167.8, 95th(ms): 167.8, 99th(ms): 318.8, 99.9th(ms): 318.8, Max(ms): 318.8
[Current] PAYMENT - Takes(s): 8.9, Count: 260, TPM: 1762.5, Sum(ms): 226393.5, Avg(ms): 871.5, 50th(ms): 838.9, 90th(ms): 1543.5, 95th(ms): 1811.9, 99th(ms): 2415.9, 99.9th(ms): 2415.9, Max(ms): 2415.9
[Current] STOCK_LEVEL - Takes(s): 8.9, Count: 33, TPM: 222.8, Sum(ms): 1385.6, Avg(ms): 41.9, 50th(ms): 33.6, 90th(ms): 54.5, 95th(ms): 67.1, 99th(ms): 234.9, 99.9th(ms): 234.9, Max(ms): 234.9
[Current] DELIVERY - Takes(s): 9.8, Count: 33, TPM: 201.4, Sum(ms): 40295.7, Avg(ms): 1220.2, 50th(ms): 939.5, 90th(ms): 2415.9, 95th(ms): 3087.0, 99th(ms): 3489.7, 99.9th(ms): 3489.7, Max(ms): 3489.7
[Current] NEW_ORDER - Takes(s): 10.0, Count: 429, TPM: 2575.8, Sum(ms): 395043.1, Avg(ms): 921.9, 50th(ms): 243.3, 90th(ms): 2415.9, 95th(ms): 4295.0, 99th(ms): 9126.8, 99.9th(ms): 11274.3, Max(ms): 11274.3
[Current] ORDER_STATUS - Takes(s): 9.8, Count: 36, TPM: 220.2, Sum(ms): 2571.6, Avg(ms): 71.4, 50th(ms): 67.1, 90th(ms): 96.5, 95th(ms): 121.6, 99th(ms): 167.8, 99.9th(ms): 167.8, Max(ms): 167.8
[Current] PAYMENT - Takes(s): 10.0, Count: 385, TPM: 2320.3, Sum(ms): 263621.3, Avg(ms): 685.1, 50th(ms): 637.5, 90th(ms): 1275.1, 95th(ms): 1543.5, 99th(ms): 2281.7, 99.9th(ms): 2684.4, Max(ms): 2684.4
[Current] STOCK_LEVEL - Takes(s): 9.9, Count: 32, TPM: 194.3, Sum(ms): 578.3, Avg(ms): 18.1, 50th(ms): 15.2, 90th(ms): 24.1, 95th(ms): 31.5, 99th(ms): 54.5, 99.9th(ms): 54.5, Max(ms): 54.5
[Current] DELIVERY - Takes(s): 9.6, Count: 33, TPM: 205.6, Sum(ms): 32687.6, Avg(ms): 988.3, 50th(ms): 738.2, 90th(ms): 1543.5, 95th(ms): 1677.7, 99th(ms): 2684.4, 99.9th(ms): 2684.4, Max(ms): 2684.4
[Current] NEW_ORDER - Takes(s): 10.0, Count: 399, TPM: 2400.3, Sum(ms): 345590.3, Avg(ms): 865.6, 50th(ms): 184.5, 90th(ms): 2684.4, 95th(ms): 4831.8, 99th(ms): 8053.1, 99.9th(ms): 8589.9, Max(ms): 8589.9
[Current] ORDER_STATUS - Takes(s): 9.4, Count: 33, TPM: 210.5, Sum(ms): 2045.0, Avg(ms): 62.2, 50th(ms): 62.9, 90th(ms): 88.1, 95th(ms): 88.1, 99th(ms): 104.9, 99.9th(ms): 104.9, Max(ms): 104.9
[Current] PAYMENT - Takes(s): 10.0, Count: 391, TPM: 2346.5, Sum(ms): 263124.6, Avg(ms): 672.8, 50th(ms): 604.0, 90th(ms): 1275.1, 95th(ms): 1409.3, 99th(ms): 1744.8, 99.9th(ms): 2013.3, Max(ms): 2013.3
[Current] STOCK_LEVEL - Takes(s): 9.8, Count: 46, TPM: 282.4, Sum(ms): 811.4, Avg(ms): 17.6, 50th(ms): 15.2, 90th(ms): 24.1, 95th(ms): 29.4, 99th(ms): 37.7, 99.9th(ms): 37.7, Max(ms): 37.7
[Current] DELIVERY - Takes(s): 9.8, Count: 31, TPM: 190.0, Sum(ms): 52916.4, Avg(ms): 1707.5, 50th(ms): 1208.0, 90th(ms): 2952.8, 95th(ms): 5100.3, 99th(ms): 5368.7, 99.9th(ms): 5368.7, Max(ms): 5368.7
[Current] NEW_ORDER - Takes(s): 10.0, Count: 312, TPM: 1877.6, Sum(ms): 243192.3, Avg(ms): 777.7, 50th(ms): 268.4, 90th(ms): 2013.3, 95th(ms): 2818.6, 99th(ms): 6174.0, 99.9th(ms): 7516.2, Max(ms): 7516.2
[Current] ORDER_STATUS - Takes(s): 9.9, Count: 27, TPM: 162.9, Sum(ms): 2369.2, Avg(ms): 87.5, 50th(ms): 75.5, 90th(ms): 151.0, 95th(ms): 201.3, 99th(ms): 209.7, 99.9th(ms): 209.7, Max(ms): 209.7
[Current] PAYMENT - Takes(s): 10.0, Count: 274, TPM: 1645.5, Sum(ms): 262841.9, Avg(ms): 960.1, 50th(ms): 872.4, 90th(ms): 2147.5, 95th(ms): 2281.7, 99th(ms): 2684.4, 99.9th(ms): 3087.0, Max(ms): 3087.0
[Current] STOCK_LEVEL - Takes(s): 9.5, Count: 22, TPM: 138.5, Sum(ms): 389.8, Avg(ms): 17.8, 50th(ms): 15.2, 90th(ms): 29.4, 95th(ms): 32.5, 99th(ms): 35.7, 99.9th(ms): 35.7, Max(ms): 35.7
[Current] DELIVERY - Takes(s): 9.4, Count: 18, TPM: 114.8, Sum(ms): 33338.9, Avg(ms): 1869.7, 50th(ms): 738.2, 90th(ms): 4563.4, 95th(ms): 4831.8, 99th(ms): 9663.7, 99.9th(ms): 9663.7, Max(ms): 9663.7
[Current] NEW_ORDER - Takes(s): 10.0, Count: 283, TPM: 1704.1, Sum(ms): 339240.9, Avg(ms): 1201.0, 50th(ms): 318.8, 90th(ms): 4160.7, 95th(ms): 5905.6, 99th(ms): 7784.6, 99.9th(ms): 8589.9, Max(ms): 8589.9
[Current] ORDER_STATUS - Takes(s): 7.8, Count: 24, TPM: 184.7, Sum(ms): 1556.3, Avg(ms): 64.7, 50th(ms): 60.8, 90th(ms): 83.9, 95th(ms): 88.1, 99th(ms): 134.2, 99.9th(ms): 134.2, Max(ms): 134.2
[Current] PAYMENT - Takes(s): 10.0, Count: 293, TPM: 1759.1, Sum(ms): 316179.8, Avg(ms): 1079.0, 50th(ms): 939.5, 90th(ms): 2550.1, 95th(ms): 3355.4, 99th(ms): 4160.7, 99.9th(ms): 4295.0, Max(ms): 4295.0
[Current] STOCK_LEVEL - Takes(s): 10.0, Count: 29, TPM: 174.1, Sum(ms): 533.8, Avg(ms): 18.4, 50th(ms): 15.2, 90th(ms): 26.2, 95th(ms): 37.7, 99th(ms): 39.8, 99.9th(ms): 39.8, Max(ms): 39.8
[Current] DELIVERY - Takes(s): 9.8, Count: 35, TPM: 213.4, Sum(ms): 44982.4, Avg(ms): 1289.0, 50th(ms): 872.4, 90th(ms): 3221.2, 95th(ms): 3489.7, 99th(ms): 4831.8, 99.9th(ms): 4831.8, Max(ms): 4831.8
[Current] NEW_ORDER - Takes(s): 10.0, Count: 384, TPM: 2304.3, Sum(ms): 325982.8, Avg(ms): 850.0, 50th(ms): 209.7, 90th(ms): 1811.9, 95th(ms): 3892.3, 99th(ms): 9663.7, 99.9th(ms): 15569.3, Max(ms): 15569.3
[Current] ORDER_STATUS - Takes(s): 9.6, Count: 23, TPM: 143.6, Sum(ms): 1545.9, Avg(ms): 67.4, 50th(ms): 71.3, 90th(ms): 88.1, 95th(ms): 88.1, 99th(ms): 92.3, 99.9th(ms): 92.3, Max(ms): 92.3
[Current] PAYMENT - Takes(s): 10.0, Count: 375, TPM: 2256.7, Sum(ms): 276848.4, Avg(ms): 738.5, 50th(ms): 637.5, 90th(ms): 1476.4, 95th(ms): 1610.6, 99th(ms): 1744.8, 99.9th(ms): 1946.2, Max(ms): 1946.2
[Current] STOCK_LEVEL - Takes(s): 9.5, Count: 30, TPM: 190.1, Sum(ms): 504.7, Avg(ms): 16.8, 50th(ms): 14.7, 90th(ms): 21.0, 95th(ms): 33.6, 99th(ms): 39.8, 99.9th(ms): 39.8, Max(ms): 39.8
Finished
[Summary] DELIVERY - Takes(s): 62.6, Count: 176, TPM: 168.7, Sum(ms): 257857.5, Avg(ms): 1466.4, 50th(ms): 973.1, 90th(ms): 3221.2, 95th(ms): 4831.8, 99th(ms): 5368.7, 99.9th(ms): 9663.7, Max(ms): 9663.7
[Summary] NEW_ORDER - Takes(s): 63.4, Count: 2122, TPM: 2007.0, Sum(ms): 1912576.5, Avg(ms): 902.0, 50th(ms): 251.7, 90th(ms): 2550.1, 95th(ms): 4295.0, 99th(ms): 8053.1, 99.9th(ms): 11811.2, Max(ms): 15569.3
[Summary] ORDER_STATUS - Takes(s): 63.5, Count: 174, TPM: 164.4, Sum(ms): 12979.4, Avg(ms): 74.6, 50th(ms): 71.3, 90th(ms): 109.1, 95th(ms): 142.6, 99th(ms): 201.3, 99.9th(ms): 318.8, Max(ms): 318.8
[Summary] PAYMENT - Takes(s): 63.5, Count: 2008, TPM: 1897.3, Sum(ms): 1635186.4, Avg(ms): 814.6, 50th(ms): 704.6, 90th(ms): 1543.5, 95th(ms): 1946.2, 99th(ms): 3087.0, 99.9th(ms): 4295.0, Max(ms): 4295.0
[Summary] STOCK_LEVEL - Takes(s): 63.5, Count: 192, TPM: 181.3, Sum(ms): 4203.8, Avg(ms): 21.9, 50th(ms): 15.7, 90th(ms): 35.7, 95th(ms): 39.8, 99th(ms): 67.1, 99.9th(ms): 234.9, Max(ms): 234.9
tpmC: 2006.9, tpmTotal: 4418.7, efficiency: 3901.5%
