2026/07/27 14:25:37 maxprocs: Leaving GOMAXPROCS=4: CPU quota undefined
[Current] DELIVERY - Takes(s): 9.4, Count: 103, TPM: 657.9, Sum(ms): 200857.8, Avg(ms): 1949.3, 50th(ms): 1946.2, 90th(ms): 3489.7, 95th(ms): 3892.3, 99th(ms): 4295.0, 99.9th(ms): 4563.4, Max(ms): 4563.4
[Current] NEW_ORDER - Takes(s): 9.7, Count: 1644, TPM: 10174.2, Sum(ms): 238134.4, Avg(ms): 144.9, 50th(ms): 117.4, 90th(ms): 251.7, 95th(ms): 318.8, 99th(ms): 436.2, 99.9th(ms): 570.4, Max(ms): 671.1
[Current] ORDER_STATUS - Takes(s): 9.7, Count: 147, TPM: 911.8, Sum(ms): 6512.1, Avg(ms): 44.3, 50th(ms): 39.8, 90th(ms): 52.4, 95th(ms): 75.5, 99th(ms): 113.2, 99.9th(ms): 285.2, Max(ms): 285.2
[Current] PAYMENT - Takes(s): 9.7, Count: 1467, TPM: 9048.2, Sum(ms): 105193.7, Avg(ms): 71.8, 50th(ms): 46.1, 90th(ms): 167.8, 95th(ms): 218.1, 99th(ms): 335.5, 99.9th(ms): 469.8, Max(ms): 469.8
[Current] STOCK_LEVEL - Takes(s): 9.7, Count: 146, TPM: 901.1, Sum(ms): 6231.0, Avg(ms): 42.7, 50th(ms): 35.7, 90th(ms): 58.7, 95th(ms): 71.3, 99th(ms): 96.5, 99.9th(ms): 536.9, Max(ms): 536.9
[Current] DELIVERY - Takes(s): 9.9, Count: 122, TPM: 738.8, Sum(ms): 421563.5, Avg(ms): 3457.1, 50th(ms): 3623.9, 90th(ms): 5637.1, 95th(ms): 5905.6, 99th(ms): 6442.5, 99.9th(ms): 6710.9, Max(ms): 6710.9
[Current] NEW_ORDER - Takes(s): 10.0, Count: 1240, TPM: 7447.2, Sum(ms): 130599.5, Avg(ms): 105.4, 50th(ms): 96.5, 90th(ms): 159.4, 95th(ms): 176.2, 99th(ms): 234.9, 99.9th(ms): 302.0, Max(ms): 419.4
[Current] ORDER_STATUS - Takes(s): 9.9, Count: 114, TPM: 688.3, Sum(ms): 4354.2, Avg(ms): 38.2, 50th(ms): 37.7, 90th(ms): 44.0, 95th(ms): 46.1, 99th(ms): 50.3, 99.9th(ms): 52.4, Max(ms): 52.4
[Current] PAYMENT - Takes(s): 10.0, Count: 1187, TPM: 7123.0, Sum(ms): 44415.1, Avg(ms): 37.4, 50th(ms): 22.0, 90th(ms): 92.3, 95th(ms): 113.2, 99th(ms): 176.2, 99.9th(ms): 385.9, Max(ms): 385.9
[Current] STOCK_LEVEL - Takes(s): 9.9, Count: 86, TPM: 519.9, Sum(ms): 2961.4, Avg(ms): 34.5, 50th(ms): 32.5, 90th(ms): 46.1, 95th(ms): 54.5, 99th(ms): 60.8, 99.9th(ms): 65.0, Max(ms): 65.0
[Current] DELIVERY - Takes(s): 9.9, Count: 119, TPM: 718.6, Sum(ms): 409642.4, Avg(ms): 3435.8, 50th(ms): 3221.2, 90th(ms): 6174.0, 95th(ms): 6710.9, 99th(ms): 7516.2, 99.9th(ms): 7784.6, Max(ms): 7784.6
[Current] NEW_ORDER - Takes(s): 10.0, Count: 1338, TPM: 8029.5, Sum(ms): 147064.4, Avg(ms): 110.0, 50th(ms): 96.5, 90th(ms): 167.8, 95th(ms): 192.9, 99th(ms): 251.7, 99.9th(ms): 402.7, Max(ms): 486.5
[Current] ORDER_STATUS - Takes(s): 10.0, Count: 127, TPM: 762.3, Sum(ms): 5184.1, Avg(ms): 41.0, 50th(ms): 41.9, 90th(ms): 46.1, 95th(ms): 50.3, 99th(ms): 56.6, 99.9th(ms): 65.0, Max(ms): 65.0
[Current] PAYMENT - Takes(s): 10.0, Count: 1270, TPM: 7626.6, Sum(ms): 53035.6, Avg(ms): 41.8, 50th(ms): 26.2, 90th(ms): 96.5, 95th(ms): 125.8, 99th(ms): 201.3, 99.9th(ms): 243.3, Max(ms): 318.8
[Current] STOCK_LEVEL - Takes(s): 10.0, Count: 98, TPM: 589.3, Sum(ms): 3682.4, Avg(ms): 37.5, 50th(ms): 35.7, 90th(ms): 50.3, 95th(ms): 56.6, 99th(ms): 62.9, 99.9th(ms): 75.5, Max(ms): 75.5
[Current] DELIVERY - Takes(s): 9.9, Count: 120, TPM: 725.6, Sum(ms): 436026.3, Avg(ms): 3641.1, 50th(ms): 2952.8, 90th(ms): 7247.8, 95th(ms): 8053.1, 99th(ms): 9663.7, 99.9th(ms): 9663.7, Max(ms): 9663.7
[Current] NEW_ORDER - Takes(s): 10.0, Count: 1486, TPM: 8936.0, Sum(ms): 175221.8, Avg(ms): 118.0, 50th(ms): 100.7, 90th(ms): 184.5, 95th(ms): 226.5, 99th(ms): 318.8, 99.9th(ms): 385.9, Max(ms): 385.9
[Current] ORDER_STATUS - Takes(s): 10.0, Count: 116, TPM: 698.4, Sum(ms): 4433.6, Avg(ms): 38.3, 50th(ms): 39.8, 90th(ms): 44.0, 95th(ms): 46.1, 99th(ms): 50.3, 99.9th(ms): 58.7, Max(ms): 58.7
[Current] PAYMENT - Takes(s): 10.0, Count: 1463, TPM: 8790.8, Sum(ms): 76280.0, Avg(ms): 52.2, 50th(ms): 31.5, 90th(ms): 117.4, 95th(ms): 159.4, 99th(ms): 251.7, 99.9th(ms): 335.5, Max(ms): 335.5
[Current] STOCK_LEVEL - Takes(s): 9.9, Count: 150, TPM: 907.1, Sum(ms): 5309.5, Avg(ms): 35.4, 50th(ms): 32.5, 90th(ms): 48.2, 95th(ms): 52.4, 99th(ms): 62.9, 99.9th(ms): 71.3, Max(ms): 71.3
[Current] DELIVERY - Takes(s): 10.0, Count: 124, TPM: 744.4, Sum(ms): 397989.4, Avg(ms): 3211.3, 50th(ms): 3489.7, 90th(ms): 4831.8, 95th(ms): 5100.3, 99th(ms): 5905.6, 99.9th(ms): 6174.0, Max(ms): 6174.0
[Current] NEW_ORDER - Takes(s): 10.0, Count: 1295, TPM: 7773.5, Sum(ms): 147871.0, Avg(ms): 114.1, 50th(ms): 96.5, 90th(ms): 176.2, 95th(ms): 226.5, 99th(ms): 302.0, 99.9th(ms): 369.1, Max(ms): 453.0
[Current] ORDER_STATUS - Takes(s): 10.0, Count: 104, TPM: 626.4, Sum(ms): 3892.6, Avg(ms): 37.5, 50th(ms): 37.7, 90th(ms): 41.9, 95th(ms): 44.0, 99th(ms): 48.2, 99.9th(ms): 60.8, Max(ms): 60.8
[Current] PAYMENT - Takes(s): 10.0, Count: 1259, TPM: 7567.1, Sum(ms): 53596.3, Avg(ms): 42.6, 50th(ms): 25.2, 90th(ms): 96.5, 95th(ms): 130.0, 99th(ms): 218.1, 99.9th(ms): 318.8, Max(ms): 352.3
[Current] STOCK_LEVEL - Takes(s): 9.9, Count: 114, TPM: 689.0, Sum(ms): 4107.8, Avg(ms): 36.1, 50th(ms): 33.6, 90th(ms): 48.2, 95th(ms): 52.4, 99th(ms): 58.7, 99.9th(ms): 58.7, Max(ms): 58.7
Finished
[Summary] DELIVERY - Takes(s): 64.2, Count: 751, TPM: 701.7, Sum(ms): 2453282.1, Avg(ms): 3268.5, 50th(ms): 3087.0, 90th(ms): 5905.6, 95th(ms): 6710.9, 99th(ms): 7784.6, 99.9th(ms): 9663.7, Max(ms): 9663.7
[Summary] NEW_ORDER - Takes(s): 64.5, Count: 8400, TPM: 7812.4, Sum(ms): 992447.7, Avg(ms): 118.2, 50th(ms): 96.5, 90th(ms): 184.5, 95th(ms): 226.5, 99th(ms): 335.5, 99.9th(ms): 469.8, Max(ms): 671.1
[Summary] ORDER_STATUS - Takes(s): 64.5, Count: 737, TPM: 685.7, Sum(ms): 29387.1, Avg(ms): 39.9, 50th(ms): 39.8, 90th(ms): 46.1, 95th(ms): 50.3, 99th(ms): 75.5, 99.9th(ms): 113.2, Max(ms): 285.2
[Summary] PAYMENT - Takes(s): 64.5, Count: 7976, TPM: 7414.3, Sum(ms): 390519.0, Avg(ms): 49.0, 50th(ms): 28.3, 90th(ms): 109.1, 95th(ms): 151.0, 99th(ms): 251.7, 99.9th(ms): 385.9, Max(ms): 469.8
[Summary] STOCK_LEVEL - Takes(s): 64.5, Count: 712, TPM: 661.9, Sum(ms): 26355.8, Avg(ms): 37.0, 50th(ms): 33.6, 90th(ms): 50.3, 95th(ms): 56.6, 99th(ms): 75.5, 99.9th(ms): 96.5, Max(ms): 536.9
tpmC: 7812.3, tpmTotal: 17275.9, efficiency: 15187.3%
