2026/07/27 21:34:39 maxprocs: Leaving GOMAXPROCS=4: CPU quota undefined
[Current] DELIVERY - Takes(s): 9.4, Count: 27, TPM: 171.7, Sum(ms): 11070.7, Avg(ms): 409.2, 50th(ms): 369.1, 90th(ms): 570.4, 95th(ms): 671.1, 99th(ms): 805.3, 99.9th(ms): 805.3, Max(ms): 805.3
[Current] NEW_ORDER - Takes(s): 9.6, Count: 403, TPM: 2514.6, Sum(ms): 279409.4, Avg(ms): 693.8, 50th(ms): 536.9, 90th(ms): 1342.2, 95th(ms): 1610.6, 99th(ms): 2281.7, 99.9th(ms): 4831.8, Max(ms): 4831.8
[Current] ORDER_STATUS - Takes(s): 9.8, Count: 40, TPM: 245.8, Sum(ms): 1946.8, Avg(ms): 48.7, 50th(ms): 54.5, 90th(ms): 56.6, 95th(ms): 58.7, 99th(ms): 88.1, 99.9th(ms): 88.1, Max(ms): 88.1
[Current] PAYMENT - Takes(s): 9.8, Count: 387, TPM: 2377.9, Sum(ms): 268130.5, Avg(ms): 693.3, 50th(ms): 637.5, 90th(ms): 1342.2, 95th(ms): 1610.6, 99th(ms): 2281.7, 99.9th(ms): 2684.4, Max(ms): 2684.4
[Current] STOCK_LEVEL - Takes(s): 9.8, Count: 38, TPM: 232.4, Sum(ms): 1872.1, Avg(ms): 49.5, 50th(ms): 46.1, 90th(ms): 65.0, 95th(ms): 75.5, 99th(ms): 104.9, 99.9th(ms): 104.9, Max(ms): 104.9
[Current] DELIVERY - Takes(s): 9.8, Count: 39, TPM: 238.6, Sum(ms): 18693.9, Avg(ms): 479.9, 50th(ms): 385.9, 90th(ms): 738.2, 95th(ms): 771.8, 99th(ms): 973.1, 99.9th(ms): 973.1, Max(ms): 973.1
[Current] NEW_ORDER - Takes(s): 10.0, Count: 525, TPM: 3155.2, Sum(ms): 401369.4, Avg(ms): 764.2, 50th(ms): 369.1, 90th(ms): 1409.3, 95th(ms): 2415.9, 99th(ms): 8321.5, 99.9th(ms): 11274.3, Max(ms): 13421.8
[Current] ORDER_STATUS - Takes(s): 9.9, Count: 46, TPM: 277.9, Sum(ms): 2278.4, Avg(ms): 49.4, 50th(ms): 54.5, 90th(ms): 56.6, 95th(ms): 58.7, 99th(ms): 75.5, 99.9th(ms): 75.5, Max(ms): 75.5
[Current] PAYMENT - Takes(s): 10.0, Count: 553, TPM: 3319.2, Sum(ms): 178552.0, Avg(ms): 323.3, 50th(ms): 234.9, 90th(ms): 671.1, 95th(ms): 939.5, 99th(ms): 1677.7, 99.9th(ms): 2415.9, Max(ms): 2684.4
[Current] STOCK_LEVEL - Takes(s): 10.0, Count: 55, TPM: 331.1, Sum(ms): 2538.1, Avg(ms): 46.2, 50th(ms): 31.5, 90th(ms): 83.9, 95th(ms): 104.9, 99th(ms): 130.0, 99.9th(ms): 268.4, Max(ms): 268.4
[Current] DELIVERY - Takes(s): 9.9, Count: 58, TPM: 350.3, Sum(ms): 31494.7, Avg(ms): 542.7, 50th(ms): 402.7, 90th(ms): 939.5, 95th(ms): 1140.9, 99th(ms): 1275.1, 99.9th(ms): 1275.1, Max(ms): 1275.1
[Current] NEW_ORDER - Takes(s): 10.0, Count: 588, TPM: 3528.5, Sum(ms): 452644.8, Avg(ms): 761.4, 50th(ms): 352.3, 90th(ms): 1208.0, 95th(ms): 1946.2, 99th(ms): 11274.3, 99.9th(ms): 16106.1, Max(ms): 16106.1
[Current] ORDER_STATUS - Takes(s): 10.0, Count: 54, TPM: 325.5, Sum(ms): 2665.2, Avg(ms): 49.2, 50th(ms): 54.5, 90th(ms): 56.6, 95th(ms): 56.6, 99th(ms): 60.8, 99.9th(ms): 65.0, Max(ms): 65.0
[Current] PAYMENT - Takes(s): 10.0, Count: 596, TPM: 3579.3, Sum(ms): 189171.2, Avg(ms): 317.6, 50th(ms): 251.7, 90th(ms): 604.0, 95th(ms): 838.9, 99th(ms): 1610.6, 99.9th(ms): 2147.5, Max(ms): 2550.1
[Current] STOCK_LEVEL - Takes(s): 10.0, Count: 48, TPM: 288.8, Sum(ms): 2232.3, Avg(ms): 46.7, 50th(ms): 33.6, 90th(ms): 75.5, 95th(ms): 104.9, 99th(ms): 142.6, 99.9th(ms): 142.6, Max(ms): 142.6
[Current] DELIVERY - Takes(s): 9.9, Count: 60, TPM: 362.6, Sum(ms): 37795.0, Avg(ms): 628.9, 50th(ms): 402.7, 90th(ms): 1275.1, 95th(ms): 1409.3, 99th(ms): 1476.4, 99.9th(ms): 1610.6, Max(ms): 1610.6
[Current] NEW_ORDER - Takes(s): 10.0, Count: 618, TPM: 3709.3, Sum(ms): 413636.4, Avg(ms): 669.6, 50th(ms): 352.3, 90th(ms): 1342.2, 95th(ms): 2013.3, 99th(ms): 5637.1, 99.9th(ms): 9126.8, Max(ms): 15032.4
[Current] ORDER_STATUS - Takes(s): 9.8, Count: 46, TPM: 280.8, Sum(ms): 2126.1, Avg(ms): 46.3, 50th(ms): 54.5, 90th(ms): 56.6, 95th(ms): 56.6, 99th(ms): 58.7, 99.9th(ms): 58.7, Max(ms): 58.7
[Current] PAYMENT - Takes(s): 10.0, Count: 574, TPM: 3447.0, Sum(ms): 155922.0, Avg(ms): 272.0, 50th(ms): 243.3, 90th(ms): 520.1, 95th(ms): 637.5, 99th(ms): 838.9, 99.9th(ms): 973.1, Max(ms): 1073.7
[Current] STOCK_LEVEL - Takes(s): 10.0, Count: 46, TPM: 276.3, Sum(ms): 2479.8, Avg(ms): 53.9, 50th(ms): 35.7, 90th(ms): 113.2, 95th(ms): 142.6, 99th(ms): 226.5, 99.9th(ms): 226.5, Max(ms): 226.5
[Current] DELIVERY - Takes(s): 9.8, Count: 52, TPM: 317.9, Sum(ms): 27069.4, Avg(ms): 520.9, 50th(ms): 419.4, 90th(ms): 771.8, 95th(ms): 939.5, 99th(ms): 1040.2, 99.9th(ms): 1140.9, Max(ms): 1140.9
[Current] NEW_ORDER - Takes(s): 10.0, Count: 566, TPM: 3400.9, Sum(ms): 473300.6, Avg(ms): 820.1, 50th(ms): 369.1, 90th(ms): 1275.1, 95th(ms): 2415.9, 99th(ms): 10200.5, 99.9th(ms): 16106.1, Max(ms): 16106.1
[Current] ORDER_STATUS - Takes(s): 9.7, Count: 52, TPM: 321.4, Sum(ms): 2354.5, Avg(ms): 45.5, 50th(ms): 37.7, 90th(ms): 56.6, 95th(ms): 58.7, 99th(ms): 67.1, 99.9th(ms): 71.3, Max(ms): 71.3
[Current] PAYMENT - Takes(s): 10.0, Count: 609, TPM: 3661.3, Sum(ms): 202625.3, Avg(ms): 332.7, 50th(ms): 260.0, 90th(ms): 671.1, 95th(ms): 872.4, 99th(ms): 1342.2, 99.9th(ms): 1476.4, Max(ms): 1610.6
[Current] STOCK_LEVEL - Takes(s): 10.0, Count: 60, TPM: 360.7, Sum(ms): 2830.7, Avg(ms): 47.3, 50th(ms): 29.4, 90th(ms): 92.3, 95th(ms): 109.1, 99th(ms): 184.5, 99.9th(ms): 201.3, Max(ms): 201.3
Finished
[Summary] DELIVERY - Takes(s): 63.6, Count: 291, TPM: 274.3, Sum(ms): 155476.9, Avg(ms): 534.0, 50th(ms): 385.9, 90th(ms): 906.0, 95th(ms): 1140.9, 99th(ms): 1409.3, 99.9th(ms): 1610.6, Max(ms): 1610.6
[Summary] NEW_ORDER - Takes(s): 63.8, Count: 3352, TPM: 3151.0, Sum(ms): 2494820.4, Avg(ms): 740.0, 50th(ms): 385.9, 90th(ms): 1342.2, 95th(ms): 2013.3, 99th(ms): 8321.5, 99.9th(ms): 16106.1, Max(ms): 16106.1
[Summary] ORDER_STATUS - Takes(s): 64.0, Count: 290, TPM: 272.0, Sum(ms): 14076.8, Avg(ms): 48.6, 50th(ms): 54.5, 90th(ms): 56.6, 95th(ms): 58.7, 99th(ms): 75.5, 99.9th(ms): 302.0, Max(ms): 302.0
[Summary] PAYMENT - Takes(s): 64.0, Count: 3304, TPM: 3098.7, Sum(ms): 1195574.6, Avg(ms): 362.2, 50th(ms): 285.2, 90th(ms): 738.2, 95th(ms): 1006.6, 99th(ms): 1610.6, 99.9th(ms): 2550.1, Max(ms): 2684.4
[Summary] STOCK_LEVEL - Takes(s): 64.0, Count: 302, TPM: 283.0, Sum(ms): 14942.1, Avg(ms): 49.6, 50th(ms): 37.7, 90th(ms): 88.1, 95th(ms): 121.6, 99th(ms): 226.5, 99.9th(ms): 352.3, Max(ms): 352.3
tpmC: 3151.0, tpmTotal: 7079.0, efficiency: 6125.6%
