2026/08/07 16:26:55 maxprocs: Leaving GOMAXPROCS=4: CPU quota undefined
[Current] DELIVERY - Takes(s): 7.3, Count: 30, TPM: 245.4, Sum(ms): 36983.4, Avg(ms): 1230.3, 50th(ms): 1140.9, 90th(ms): 1811.9, 95th(ms): 2550.1, 99th(ms): 2818.6, 99.9th(ms): 2818.6, Max(ms): 2818.6
[Current] NEW_ORDER - Takes(s): 8.3, Count: 386, TPM: 2805.3, Sum(ms): 292877.5, Avg(ms): 758.3, 50th(ms): 771.8, 90th(ms): 1208.0, 95th(ms): 1409.3, 99th(ms): 1677.7, 99.9th(ms): 2147.5, Max(ms): 2147.5
[Current] ORDER_STATUS - Takes(s): 8.3, Count: 37, TPM: 266.1, Sum(ms): 10359.2, Avg(ms): 279.5, 50th(ms): 243.3, 90th(ms): 520.1, 95th(ms): 637.5, 99th(ms): 704.6, 99.9th(ms): 704.6, Max(ms): 704.6
[Current] PAYMENT - Takes(s): 8.4, Count: 377, TPM: 2687.1, Sum(ms): 140134.3, Avg(ms): 372.0, 50th(ms): 369.1, 90th(ms): 637.5, 95th(ms): 704.6, 99th(ms): 906.0, 99.9th(ms): 1073.7, Max(ms): 1073.7
[Current] STOCK_LEVEL - Takes(s): 8.1, Count: 28, TPM: 207.6, Sum(ms): 7126.9, Avg(ms): 253.4, 50th(ms): 176.2, 90th(ms): 436.2, 95th(ms): 939.5, 99th(ms): 1208.0, 99.9th(ms): 1208.0, Max(ms): 1208.0
[Current] DELIVERY - Takes(s): 9.9, Count: 39, TPM: 236.1, Sum(ms): 54438.5, Avg(ms): 1399.4, 50th(ms): 1140.9, 90th(ms): 2684.4, 95th(ms): 2684.4, 99th(ms): 2952.8, 99.9th(ms): 2952.8, Max(ms): 2952.8
[Current] NEW_ORDER - Takes(s): 10.0, Count: 429, TPM: 2575.1, Sum(ms): 369652.3, Avg(ms): 862.8, 50th(ms): 838.9, 90th(ms): 1275.1, 95th(ms): 1409.3, 99th(ms): 1610.6, 99.9th(ms): 2281.7, Max(ms): 2281.7
[Current] ORDER_STATUS - Takes(s): 9.7, Count: 42, TPM: 258.6, Sum(ms): 12052.3, Avg(ms): 288.1, 50th(ms): 251.7, 90th(ms): 503.3, 95th(ms): 536.9, 99th(ms): 838.9, 99.9th(ms): 838.9, Max(ms): 838.9
[Current] PAYMENT - Takes(s): 10.0, Count: 388, TPM: 2331.7, Sum(ms): 169630.0, Avg(ms): 437.4, 50th(ms): 419.4, 90th(ms): 671.1, 95th(ms): 738.2, 99th(ms): 939.5, 99.9th(ms): 1208.0, Max(ms): 1208.0
[Current] STOCK_LEVEL - Takes(s): 9.9, Count: 42, TPM: 255.6, Sum(ms): 10324.3, Avg(ms): 245.9, 50th(ms): 176.2, 90th(ms): 402.7, 95th(ms): 805.3, 99th(ms): 906.0, 99.9th(ms): 906.0, Max(ms): 906.0
[Current] DELIVERY - Takes(s): 9.6, Count: 38, TPM: 238.1, Sum(ms): 46656.5, Avg(ms): 1226.5, 50th(ms): 1073.7, 90th(ms): 2415.9, 95th(ms): 2550.1, 99th(ms): 2684.4, 99.9th(ms): 2684.4, Max(ms): 2684.4
[Current] NEW_ORDER - Takes(s): 10.0, Count: 450, TPM: 2710.4, Sum(ms): 369287.2, Avg(ms): 821.5, 50th(ms): 805.3, 90th(ms): 1208.0, 95th(ms): 1409.3, 99th(ms): 1610.6, 99.9th(ms): 2415.9, Max(ms): 2415.9
[Current] ORDER_STATUS - Takes(s): 10.0, Count: 45, TPM: 271.3, Sum(ms): 11868.0, Avg(ms): 264.3, 50th(ms): 218.1, 90th(ms): 436.2, 95th(ms): 453.0, 99th(ms): 604.0, 99.9th(ms): 604.0, Max(ms): 604.0
[Current] PAYMENT - Takes(s): 9.9, Count: 386, TPM: 2335.1, Sum(ms): 166048.2, Avg(ms): 430.7, 50th(ms): 402.7, 90th(ms): 637.5, 95th(ms): 738.2, 99th(ms): 1040.2, 99.9th(ms): 1476.4, Max(ms): 1476.4
[Current] STOCK_LEVEL - Takes(s): 9.5, Count: 42, TPM: 264.8, Sum(ms): 9570.0, Avg(ms): 227.8, 50th(ms): 192.9, 90th(ms): 318.8, 95th(ms): 570.4, 99th(ms): 738.2, 99.9th(ms): 738.2, Max(ms): 738.2
[Current] DELIVERY - Takes(s): 9.9, Count: 77, TPM: 466.2, Sum(ms): 56424.4, Avg(ms): 729.5, 50th(ms): 486.5, 90th(ms): 1208.0, 95th(ms): 1342.2, 99th(ms): 2415.9, 99.9th(ms): 2550.1, Max(ms): 2550.1
[Current] NEW_ORDER - Takes(s): 10.0, Count: 829, TPM: 4981.3, Sum(ms): 369341.2, Avg(ms): 445.8, 50th(ms): 385.9, 90th(ms): 738.2, 95th(ms): 939.5, 99th(ms): 1208.0, 99.9th(ms): 1476.4, Max(ms): 1543.5
[Current] ORDER_STATUS - Takes(s): 9.6, Count: 66, TPM: 413.2, Sum(ms): 10946.5, Avg(ms): 165.9, 50th(ms): 109.1, 90th(ms): 302.0, 95th(ms): 402.7, 99th(ms): 469.8, 99.9th(ms): 469.8, Max(ms): 469.8
[Current] PAYMENT - Takes(s): 9.9, Count: 818, TPM: 4939.4, Sum(ms): 184090.6, Avg(ms): 225.3, 50th(ms): 176.2, 90th(ms): 369.1, 95th(ms): 436.2, 99th(ms): 671.1, 99.9th(ms): 704.6, Max(ms): 738.2
[Current] STOCK_LEVEL - Takes(s): 9.6, Count: 58, TPM: 362.7, Sum(ms): 9582.5, Avg(ms): 165.3, 50th(ms): 79.7, 90th(ms): 369.1, 95th(ms): 536.9, 99th(ms): 805.3, 99.9th(ms): 906.0, Max(ms): 906.0
[Current] DELIVERY - Takes(s): 9.9, Count: 77, TPM: 468.6, Sum(ms): 49280.3, Avg(ms): 639.6, 50th(ms): 486.5, 90th(ms): 1208.0, 95th(ms): 1275.1, 99th(ms): 1476.4, 99.9th(ms): 1610.6, Max(ms): 1610.6
[Current] NEW_ORDER - Takes(s): 10.0, Count: 966, TPM: 5798.7, Sum(ms): 369823.3, Avg(ms): 383.1, 50th(ms): 369.1, 90th(ms): 570.4, 95th(ms): 604.0, 99th(ms): 738.2, 99.9th(ms): 973.1, Max(ms): 1040.2
[Current] ORDER_STATUS - Takes(s): 9.9, Count: 70, TPM: 423.8, Sum(ms): 9052.2, Avg(ms): 129.2, 50th(ms): 104.9, 90th(ms): 201.3, 95th(ms): 226.5, 99th(ms): 243.3, 99.9th(ms): 260.0, Max(ms): 260.0
[Current] PAYMENT - Takes(s): 10.0, Count: 880, TPM: 5282.4, Sum(ms): 172050.8, Avg(ms): 195.5, 50th(ms): 176.2, 90th(ms): 285.2, 95th(ms): 302.0, 99th(ms): 402.7, 99.9th(ms): 503.3, Max(ms): 704.6
[Current] STOCK_LEVEL - Takes(s): 9.3, Count: 67, TPM: 432.6, Sum(ms): 10645.8, Avg(ms): 159.0, 50th(ms): 79.7, 90th(ms): 570.4, 95th(ms): 604.0, 99th(ms): 637.5, 99.9th(ms): 704.6, Max(ms): 704.6
[Current] DELIVERY - Takes(s): 9.6, Count: 89, TPM: 554.5, Sum(ms): 54771.0, Avg(ms): 616.3, 50th(ms): 486.5, 90th(ms): 1208.0, 95th(ms): 1275.1, 99th(ms): 1342.2, 99.9th(ms): 1342.2, Max(ms): 1342.2
[Current] NEW_ORDER - Takes(s): 10.0, Count: 910, TPM: 5460.8, Sum(ms): 344229.7, Avg(ms): 378.1, 50th(ms): 369.1, 90th(ms): 570.4, 95th(ms): 604.0, 99th(ms): 738.2, 99.9th(ms): 1073.7, Max(ms): 1409.3
[Current] ORDER_STATUS - Takes(s): 9.6, Count: 104, TPM: 648.9, Sum(ms): 12606.2, Avg(ms): 121.3, 50th(ms): 104.9, 90th(ms): 218.1, 95th(ms): 226.5, 99th(ms): 268.4, 99.9th(ms): 369.1, Max(ms): 369.1
[Current] PAYMENT - Takes(s): 10.0, Count: 937, TPM: 5624.1, Sum(ms): 181312.0, Avg(ms): 193.6, 50th(ms): 176.2, 90th(ms): 268.4, 95th(ms): 285.2, 99th(ms): 385.9, 99.9th(ms): 503.3, Max(ms): 536.9
[Current] STOCK_LEVEL - Takes(s): 10.0, Count: 98, TPM: 590.6, Sum(ms): 13448.8, Avg(ms): 137.4, 50th(ms): 75.5, 90th(ms): 369.1, 95th(ms): 469.8, 99th(ms): 738.2, 99.9th(ms): 838.9, Max(ms): 838.9
[Current] DELIVERY - Takes(s): 10.0, Count: 82, TPM: 492.7, Sum(ms): 60828.5, Avg(ms): 743.0, 50th(ms): 503.3, 90th(ms): 1275.1, 95th(ms): 1342.2, 99th(ms): 1811.9, 99.9th(ms): 1811.9, Max(ms): 1811.9
[Current] NEW_ORDER - Takes(s): 10.0, Count: 930, TPM: 5580.6, Sum(ms): 361014.2, Avg(ms): 388.1, 50th(ms): 385.9, 90th(ms): 536.9, 95th(ms): 637.5, 99th(ms): 738.2, 99.9th(ms): 771.8, Max(ms): 838.9
[Current] ORDER_STATUS - Takes(s): 9.9, Count: 71, TPM: 428.2, Sum(ms): 8389.7, Avg(ms): 118.4, 50th(ms): 109.1, 90th(ms): 184.5, 95th(ms): 201.3, 99th(ms): 234.9, 99.9th(ms): 243.3, Max(ms): 243.3
[Current] PAYMENT - Takes(s): 10.0, Count: 869, TPM: 5214.5, Sum(ms): 175217.2, Avg(ms): 201.7, 50th(ms): 176.2, 90th(ms): 285.2, 95th(ms): 318.8, 99th(ms): 469.8, 99.9th(ms): 536.9, Max(ms): 637.5
[Current] STOCK_LEVEL - Takes(s): 9.8, Count: 83, TPM: 505.9, Sum(ms): 8911.1, Avg(ms): 107.3, 50th(ms): 75.5, 90th(ms): 184.5, 95th(ms): 209.7, 99th(ms): 419.4, 99.9th(ms): 486.5, Max(ms): 486.5
[Current] DELIVERY - Takes(s): 10.0, Count: 85, TPM: 510.3, Sum(ms): 57625.7, Avg(ms): 678.3, 50th(ms): 486.5, 90th(ms): 1275.1, 95th(ms): 1275.1, 99th(ms): 1342.2, 99.9th(ms): 1409.3, Max(ms): 1409.3
[Current] NEW_ORDER - Takes(s): 10.0, Count: 921, TPM: 5533.7, Sum(ms): 356848.5, Avg(ms): 387.6, 50th(ms): 385.9, 90th(ms): 570.4, 95th(ms): 604.0, 99th(ms): 671.1, 99.9th(ms): 738.2, Max(ms): 838.9
[Current] ORDER_STATUS - Takes(s): 9.8, Count: 86, TPM: 525.7, Sum(ms): 10317.3, Avg(ms): 120.1, 50th(ms): 104.9, 90th(ms): 192.9, 95th(ms): 218.1, 99th(ms): 251.7, 99.9th(ms): 335.5, Max(ms): 335.5
[Current] PAYMENT - Takes(s): 10.0, Count: 897, TPM: 5383.1, Sum(ms): 177243.3, Avg(ms): 197.7, 50th(ms): 176.2, 90th(ms): 285.2, 95th(ms): 302.0, 99th(ms): 419.4, 99.9th(ms): 637.5, Max(ms): 637.5
[Current] STOCK_LEVEL - Takes(s): 9.9, Count: 69, TPM: 417.0, Sum(ms): 11035.5, Avg(ms): 160.1, 50th(ms): 79.7, 90th(ms): 436.2, 95th(ms): 570.4, 99th(ms): 671.1, 99.9th(ms): 771.8, Max(ms): 771.8
[Current] DELIVERY - Takes(s): 9.5, Count: 72, TPM: 453.8, Sum(ms): 42676.3, Avg(ms): 591.5, 50th(ms): 486.5, 90th(ms): 1040.2, 95th(ms): 1073.7, 99th(ms): 1275.1, 99.9th(ms): 1342.2, Max(ms): 1342.2
[Current] NEW_ORDER - Takes(s): 10.0, Count: 941, TPM: 5653.9, Sum(ms): 365482.6, Avg(ms): 388.4, 50th(ms): 385.9, 90th(ms): 570.4, 95th(ms): 637.5, 99th(ms): 704.6, 99.9th(ms): 805.3, Max(ms): 906.0
[Current] ORDER_STATUS - Takes(s): 10.0, Count: 81, TPM: 487.9, Sum(ms): 10217.1, Avg(ms): 126.4, 50th(ms): 104.9, 90th(ms): 192.9, 95th(ms): 209.7, 99th(ms): 335.5, 99.9th(ms): 419.4, Max(ms): 419.4
[Current] PAYMENT - Takes(s): 10.0, Count: 909, TPM: 5458.4, Sum(ms): 181890.0, Avg(ms): 200.3, 50th(ms): 176.2, 90th(ms): 285.2, 95th(ms): 318.8, 99th(ms): 419.4, 99.9th(ms): 604.0, Max(ms): 604.0
[Current] STOCK_LEVEL - Takes(s): 9.9, Count: 85, TPM: 512.8, Sum(ms): 9730.2, Avg(ms): 114.0, 50th(ms): 75.5, 90th(ms): 243.3, 95th(ms): 335.5, 99th(ms): 419.4, 99.9th(ms): 536.9, Max(ms): 536.9
[Current] DELIVERY - Takes(s): 9.8, Count: 76, TPM: 465.7, Sum(ms): 48963.5, Avg(ms): 644.2, 50th(ms): 503.3, 90th(ms): 1073.7, 95th(ms): 1208.0, 99th(ms): 1275.1, 99.9th(ms): 1409.3, Max(ms): 1409.3
[Current] NEW_ORDER - Takes(s): 10.0, Count: 887, TPM: 5334.4, Sum(ms): 345898.7, Avg(ms): 390.2, 50th(ms): 385.9, 90th(ms): 570.4, 95th(ms): 637.5, 99th(ms): 738.2, 99.9th(ms): 805.3, Max(ms): 838.9
[Current] ORDER_STATUS - Takes(s): 9.9, Count: 88, TPM: 534.6, Sum(ms): 11424.5, Avg(ms): 129.9, 50th(ms): 104.9, 90th(ms): 218.1, 95th(ms): 268.4, 99th(ms): 285.2, 99.9th(ms): 352.3, Max(ms): 352.3
[Current] PAYMENT - Takes(s): 10.0, Count: 937, TPM: 5632.3, Sum(ms): 188120.9, Avg(ms): 200.8, 50th(ms): 176.2, 90th(ms): 285.2, 95th(ms): 318.8, 99th(ms): 453.0, 99.9th(ms): 637.5, Max(ms): 704.6
[Current] STOCK_LEVEL - Takes(s): 9.8, Count: 107, TPM: 657.4, Sum(ms): 15491.3, Avg(ms): 144.7, 50th(ms): 79.7, 90th(ms): 335.5, 95th(ms): 536.9, 99th(ms): 738.2, 99.9th(ms): 805.3, Max(ms): 805.3
[Current] DELIVERY - Takes(s): 9.9, Count: 67, TPM: 408.0, Sum(ms): 42482.4, Avg(ms): 635.4, 50th(ms): 503.3, 90th(ms): 1208.0, 95th(ms): 1275.1, 99th(ms): 1342.2, 99.9th(ms): 1476.4, Max(ms): 1476.4
[Current] NEW_ORDER - Takes(s): 10.0, Count: 909, TPM: 5460.7, Sum(ms): 362519.6, Avg(ms): 399.4, 50th(ms): 385.9, 90th(ms): 570.4, 95th(ms): 637.5, 99th(ms): 738.2, 99.9th(ms): 939.5, Max(ms): 1275.1
[Current] ORDER_STATUS - Takes(s): 9.8, Count: 77, TPM: 470.6, Sum(ms): 9564.0, Avg(ms): 124.2, 50th(ms): 109.1, 90th(ms): 209.7, 95th(ms): 226.5, 99th(ms): 268.4, 99.9th(ms): 285.2, Max(ms): 285.2
[Current] PAYMENT - Takes(s): 10.0, Count: 878, TPM: 5268.6, Sum(ms): 180625.6, Avg(ms): 205.9, 50th(ms): 176.2, 90th(ms): 302.0, 95th(ms): 335.5, 99th(ms): 436.2, 99.9th(ms): 570.4, Max(ms): 671.1
[Current] STOCK_LEVEL - Takes(s): 9.9, Count: 95, TPM: 573.6, Sum(ms): 12962.0, Avg(ms): 136.9, 50th(ms): 79.7, 90th(ms): 302.0, 95th(ms): 503.3, 99th(ms): 671.1, 99.9th(ms): 838.9, Max(ms): 838.9
[Current] DELIVERY - Takes(s): 9.9, Count: 74, TPM: 448.7, Sum(ms): 53972.9, Avg(ms): 730.1, 50th(ms): 536.9, 90th(ms): 1208.0, 95th(ms): 1275.1, 99th(ms): 1476.4, 99.9th(ms): 1677.7, Max(ms): 1677.7
[Current] NEW_ORDER - Takes(s): 10.0, Count: 812, TPM: 4875.0, Sum(ms): 342761.1, Avg(ms): 422.2, 50th(ms): 385.9, 90th(ms): 637.5, 95th(ms): 738.2, 99th(ms): 1208.0, 99.9th(ms): 1342.2, Max(ms): 1677.7
[Current] ORDER_STATUS - Takes(s): 10.0, Count: 84, TPM: 504.2, Sum(ms): 12006.5, Avg(ms): 142.7, 50th(ms): 109.1, 90th(ms): 268.4, 95th(ms): 318.8, 99th(ms): 402.7, 99.9th(ms): 520.1, Max(ms): 520.1
[Current] PAYMENT - Takes(s): 10.0, Count: 789, TPM: 4739.1, Sum(ms): 180009.8, Avg(ms): 228.3, 50th(ms): 184.5, 90th(ms): 352.3, 95th(ms): 469.8, 99th(ms): 704.6, 99.9th(ms): 1073.7, Max(ms): 1275.1
[Current] STOCK_LEVEL - Takes(s): 9.9, Count: 76, TPM: 460.5, Sum(ms): 8726.5, Avg(ms): 114.8, 50th(ms): 79.7, 90th(ms): 209.7, 95th(ms): 243.3, 99th(ms): 436.2, 99.9th(ms): 604.0, Max(ms): 604.0
[Current] DELIVERY - Takes(s): 9.6, Count: 38, TPM: 237.4, Sum(ms): 55462.1, Avg(ms): 1466.2, 50th(ms): 1073.7, 90th(ms): 2684.4, 95th(ms): 2684.4, 99th(ms): 2818.6, 99.9th(ms): 2818.6, Max(ms): 2818.6
[Current] NEW_ORDER - Takes(s): 10.0, Count: 427, TPM: 2566.9, Sum(ms): 357070.7, Avg(ms): 837.1, 50th(ms): 805.3, 90th(ms): 1208.0, 95th(ms): 1342.2, 99th(ms): 1677.7, 99.9th(ms): 2415.9, Max(ms): 2415.9
[Current] ORDER_STATUS - Takes(s): 9.6, Count: 40, TPM: 250.5, Sum(ms): 11216.1, Avg(ms): 279.3, 50th(ms): 218.1, 90th(ms): 520.1, 95th(ms): 604.0, 99th(ms): 637.5, 99.9th(ms): 637.5, Max(ms): 637.5
[Current] PAYMENT - Takes(s): 9.9, Count: 391, TPM: 2364.0, Sum(ms): 172377.0, Avg(ms): 440.7, 50th(ms): 402.7, 90th(ms): 637.5, 95th(ms): 738.2, 99th(ms): 1140.9, 99.9th(ms): 1208.0, Max(ms): 1208.0
[Current] STOCK_LEVEL - Takes(s): 9.9, Count: 40, TPM: 241.7, Sum(ms): 8134.5, Avg(ms): 203.4, 50th(ms): 167.8, 90th(ms): 318.8, 95th(ms): 604.0, 99th(ms): 738.2, 99.9th(ms): 738.2, Max(ms): 738.2
[Current] DELIVERY - Takes(s): 9.6, Count: 27, TPM: 169.1, Sum(ms): 36665.2, Avg(ms): 1353.4, 50th(ms): 1140.9, 90th(ms): 2281.7, 95th(ms): 2281.7, 99th(ms): 2415.9, 99.9th(ms): 2415.9, Max(ms): 2415.9
[Current] NEW_ORDER - Takes(s): 10.0, Count: 481, TPM: 2895.7, Sum(ms): 392023.1, Avg(ms): 814.9, 50th(ms): 805.3, 90th(ms): 1208.0, 95th(ms): 1342.2, 99th(ms): 1543.5, 99.9th(ms): 2281.7, Max(ms): 2281.7
[Current] ORDER_STATUS - Takes(s): 9.8, Count: 42, TPM: 258.3, Sum(ms): 10126.4, Avg(ms): 241.1, 50th(ms): 234.9, 90th(ms): 369.1, 95th(ms): 402.7, 99th(ms): 570.4, 99.9th(ms): 570.4, Max(ms): 570.4
[Current] PAYMENT - Takes(s): 10.0, Count: 407, TPM: 2442.9, Sum(ms): 169469.0, Avg(ms): 416.5, 50th(ms): 402.7, 90th(ms): 637.5, 95th(ms): 671.1, 99th(ms): 1040.2, 99.9th(ms): 1409.3, Max(ms): 1409.3
[Current] STOCK_LEVEL - Takes(s): 10.0, Count: 43, TPM: 258.8, Sum(ms): 8547.5, Avg(ms): 199.9, 50th(ms): 167.8, 90th(ms): 352.3, 95th(ms): 402.7, 99th(ms): 637.5, 99.9th(ms): 637.5, Max(ms): 637.5
[Current] DELIVERY - Takes(s): 9.3, Count: 52, TPM: 335.5, Sum(ms): 49849.9, Avg(ms): 956.6, 50th(ms): 906.0, 90th(ms): 2013.3, 95th(ms): 2415.9, 99th(ms): 2415.9, 99.9th(ms): 2684.4, Max(ms): 2684.4
[Current] NEW_ORDER - Takes(s): 10.0, Count: 697, TPM: 4186.4, Sum(ms): 379747.9, Avg(ms): 545.1, 50th(ms): 436.2, 90th(ms): 939.5, 95th(ms): 1208.0, 99th(ms): 1476.4, 99.9th(ms): 1811.9, Max(ms): 2684.4
[Current] ORDER_STATUS - Takes(s): 8.7, Count: 51, TPM: 351.0, Sum(ms): 7408.2, Avg(ms): 145.3, 50th(ms): 117.4, 90th(ms): 218.1, 95th(ms): 226.5, 99th(ms): 335.5, 99.9th(ms): 486.5, Max(ms): 486.5
[Current] PAYMENT - Takes(s): 9.7, Count: 626, TPM: 3853.6, Sum(ms): 177106.0, Avg(ms): 283.0, 50th(ms): 251.7, 90th(ms): 486.5, 95th(ms): 570.4, 99th(ms): 973.1, 99.9th(ms): 1140.9, Max(ms): 1208.0
[Current] STOCK_LEVEL - Takes(s): 9.3, Count: 56, TPM: 361.5, Sum(ms): 10845.6, Avg(ms): 193.6, 50th(ms): 96.5, 90th(ms): 570.4, 95th(ms): 671.1, 99th(ms): 771.8, 99.9th(ms): 805.3, Max(ms): 805.3
[Current] DELIVERY - Takes(s): 9.9, Count: 96, TPM: 580.5, Sum(ms): 57413.6, Avg(ms): 599.3, 50th(ms): 469.8, 90th(ms): 1006.6, 95th(ms): 1208.0, 99th(ms): 1275.1, 99.9th(ms): 1275.1, Max(ms): 1275.1
[Current] NEW_ORDER - Takes(s): 10.0, Count: 981, TPM: 5889.6, Sum(ms): 359071.6, Avg(ms): 366.7, 50th(ms): 369.1, 90th(ms): 520.1, 95th(ms): 570.4, 99th(ms): 671.1, 99.9th(ms): 872.4, Max(ms): 1073.7
[Current] ORDER_STATUS - Takes(s): 9.8, Count: 77, TPM: 471.8, Sum(ms): 8779.1, Avg(ms): 113.9, 50th(ms): 100.7, 90th(ms): 176.2, 95th(ms): 226.5, 99th(ms): 268.4, 99.9th(ms): 285.2, Max(ms): 285.2
[Current] PAYMENT - Takes(s): 10.0, Count: 923, TPM: 5541.7, Sum(ms): 174914.3, Avg(ms): 189.4, 50th(ms): 167.8, 90th(ms): 260.0, 95th(ms): 268.4, 99th(ms): 352.3, 99.9th(ms): 604.0, Max(ms): 604.0
[Current] STOCK_LEVEL - Takes(s): 9.5, Count: 99, TPM: 625.2, Sum(ms): 10992.8, Avg(ms): 110.9, 50th(ms): 75.5, 90th(ms): 159.4, 95th(ms): 176.2, 99th(ms): 704.6, 99.9th(ms): 738.2, Max(ms): 738.2
[Current] DELIVERY - Takes(s): 10.0, Count: 77, TPM: 462.0, Sum(ms): 48586.2, Avg(ms): 631.0, 50th(ms): 486.5, 90th(ms): 1040.2, 95th(ms): 1073.7, 99th(ms): 1275.1, 99.9th(ms): 1275.1, Max(ms): 1275.1
[Current] NEW_ORDER - Takes(s): 10.0, Count: 932, TPM: 5594.0, Sum(ms): 356285.4, Avg(ms): 382.7, 50th(ms): 385.9, 90th(ms): 570.4, 95th(ms): 604.0, 99th(ms): 704.6, 99.9th(ms): 838.9, Max(ms): 872.4
[Current] ORDER_STATUS - Takes(s): 9.8, Count: 94, TPM: 574.8, Sum(ms): 11633.1, Avg(ms): 123.4, 50th(ms): 104.9, 90th(ms): 192.9, 95th(ms): 218.1, 99th(ms): 318.8, 99.9th(ms): 402.7, Max(ms): 402.7
[Current] PAYMENT - Takes(s): 10.0, Count: 950, TPM: 5705.2, Sum(ms): 185316.8, Avg(ms): 195.3, 50th(ms): 167.8, 90th(ms): 285.2, 95th(ms): 302.0, 99th(ms): 419.4, 99.9th(ms): 671.1, Max(ms): 771.8
[Current] STOCK_LEVEL - Takes(s): 10.0, Count: 80, TPM: 481.1, Sum(ms): 8589.8, Avg(ms): 107.4, 50th(ms): 75.5, 90th(ms): 159.4, 95th(ms): 184.5, 99th(ms): 604.0, 99.9th(ms): 604.0, Max(ms): 604.0
[Current] DELIVERY - Takes(s): 9.8, Count: 83, TPM: 506.2, Sum(ms): 51859.3, Avg(ms): 623.5, 50th(ms): 486.5, 90th(ms): 1006.6, 95th(ms): 1040.2, 99th(ms): 1040.2, 99.9th(ms): 1073.7, Max(ms): 1073.7
[Current] NEW_ORDER - Takes(s): 10.0, Count: 986, TPM: 5919.5, Sum(ms): 364522.9, Avg(ms): 369.9, 50th(ms): 369.1, 90th(ms): 536.9, 95th(ms): 604.0, 99th(ms): 671.1, 99.9th(ms): 805.3, Max(ms): 1208.0
[Current] ORDER_STATUS - Takes(s): 9.6, Count: 102, TPM: 638.3, Sum(ms): 12694.9, Avg(ms): 124.4, 50th(ms): 104.9, 90th(ms): 226.5, 95th(ms): 251.7, 99th(ms): 318.8, 99.9th(ms): 335.5, Max(ms): 335.5
[Current] PAYMENT - Takes(s): 10.0, Count: 909, TPM: 5460.0, Sum(ms): 175472.9, Avg(ms): 193.3, 50th(ms): 167.8, 90th(ms): 268.4, 95th(ms): 302.0, 99th(ms): 369.1, 99.9th(ms): 671.1, Max(ms): 671.1
[Current] STOCK_LEVEL - Takes(s): 9.9, Count: 92, TPM: 557.4, Sum(ms): 9119.6, Avg(ms): 99.2, 50th(ms): 75.5, 90th(ms): 159.4, 95th(ms): 184.5, 99th(ms): 385.9, 99.9th(ms): 536.9, Max(ms): 536.9
[Current] DELIVERY - Takes(s): 10.0, Count: 78, TPM: 469.6, Sum(ms): 48056.5, Avg(ms): 615.9, 50th(ms): 503.3, 90th(ms): 1006.6, 95th(ms): 1006.6, 99th(ms): 1073.7, 99.9th(ms): 1140.9, Max(ms): 1140.9
[Current] NEW_ORDER - Takes(s): 10.0, Count: 940, TPM: 5657.2, Sum(ms): 360294.2, Avg(ms): 383.5, 50th(ms): 369.1, 90th(ms): 570.4, 95th(ms): 604.0, 99th(ms): 671.1, 99.9th(ms): 771.8, Max(ms): 805.3
[Current] ORDER_STATUS - Takes(s): 9.9, Count: 62, TPM: 374.7, Sum(ms): 7130.4, Avg(ms): 115.1, 50th(ms): 104.9, 90th(ms): 159.4, 95th(ms): 218.1, 99th(ms): 243.3, 99.9th(ms): 260.0, Max(ms): 260.0
[Current] PAYMENT - Takes(s): 10.0, Count: 911, TPM: 5480.6, Sum(ms): 179823.4, Avg(ms): 197.4, 50th(ms): 176.2, 90th(ms): 268.4, 95th(ms): 302.0, 99th(ms): 453.0, 99.9th(ms): 604.0, Max(ms): 738.2
[Current] STOCK_LEVEL - Takes(s): 9.9, Count: 100, TPM: 607.3, Sum(ms): 11450.5, Avg(ms): 114.6, 50th(ms): 75.5, 90th(ms): 192.9, 95th(ms): 385.9, 99th(ms): 419.4, 99.9th(ms): 520.1, Max(ms): 520.1
[Current] DELIVERY - Takes(s): 9.9, Count: 71, TPM: 430.0, Sum(ms): 45349.1, Avg(ms): 639.2, 50th(ms): 503.3, 90th(ms): 1040.2, 95th(ms): 1073.7, 99th(ms): 1073.7, 99.9th(ms): 1140.9, Max(ms): 1140.9
[Current] NEW_ORDER - Takes(s): 10.0, Count: 922, TPM: 5545.3, Sum(ms): 371637.2, Avg(ms): 403.1, 50th(ms): 385.9, 90th(ms): 604.0, 95th(ms): 637.5, 99th(ms): 771.8, 99.9th(ms): 872.4, Max(ms): 906.0
[Current] ORDER_STATUS - Takes(s): 9.7, Count: 84, TPM: 519.0, Sum(ms): 10991.5, Avg(ms): 130.8, 50th(ms): 109.1, 90th(ms): 218.1, 95th(ms): 243.3, 99th(ms): 285.2, 99.9th(ms): 302.0, Max(ms): 302.0
[Current] PAYMENT - Takes(s): 10.0, Count: 854, TPM: 5124.2, Sum(ms): 177491.3, Avg(ms): 207.7, 50th(ms): 176.2, 90th(ms): 302.0, 95th(ms): 352.3, 99th(ms): 469.8, 99.9th(ms): 637.5, Max(ms): 671.1
[Current] STOCK_LEVEL - Takes(s): 9.9, Count: 92, TPM: 557.4, Sum(ms): 10209.0, Avg(ms): 111.0, 50th(ms): 79.7, 90th(ms): 167.8, 95th(ms): 201.3, 99th(ms): 503.3, 99.9th(ms): 570.4, Max(ms): 570.4
[Current] DELIVERY - Takes(s): 9.9, Count: 84, TPM: 508.9, Sum(ms): 53504.7, Avg(ms): 635.8, 50th(ms): 486.5, 90th(ms): 1140.9, 95th(ms): 1208.0, 99th(ms): 1275.1, 99.9th(ms): 1476.4, Max(ms): 1476.4
[Current] NEW_ORDER - Takes(s): 10.0, Count: 894, TPM: 5367.7, Sum(ms): 350349.8, Avg(ms): 392.0, 50th(ms): 369.1, 90th(ms): 570.4, 95th(ms): 637.5, 99th(ms): 805.3, 99.9th(ms): 973.1, Max(ms): 1040.2
[Current] ORDER_STATUS - Takes(s): 9.9, Count: 76, TPM: 459.7, Sum(ms): 10089.0, Avg(ms): 132.6, 50th(ms): 104.9, 90th(ms): 226.5, 95th(ms): 243.3, 99th(ms): 302.0, 99.9th(ms): 318.8, Max(ms): 318.8
[Current] PAYMENT - Takes(s): 10.0, Count: 894, TPM: 5373.3, Sum(ms): 182946.1, Avg(ms): 204.7, 50th(ms): 176.2, 90th(ms): 285.2, 95th(ms): 369.1, 99th(ms): 486.5, 99.9th(ms): 604.0, Max(ms): 637.5
[Current] STOCK_LEVEL - Takes(s): 10.0, Count: 81, TPM: 487.5, Sum(ms): 12302.2, Avg(ms): 152.2, 50th(ms): 75.5, 90th(ms): 453.0, 95th(ms): 570.4, 99th(ms): 738.2, 99.9th(ms): 805.3, Max(ms): 805.3
[Current] DELIVERY - Takes(s): 9.9, Count: 72, TPM: 435.0, Sum(ms): 49864.6, Avg(ms): 691.9, 50th(ms): 570.4, 90th(ms): 1208.0, 95th(ms): 1275.1, 99th(ms): 1409.3, 99.9th(ms): 1543.5, Max(ms): 1543.5
[Current] NEW_ORDER - Takes(s): 10.0, Count: 823, TPM: 4951.4, Sum(ms): 371377.1, Avg(ms): 451.4, 50th(ms): 419.4, 90th(ms): 704.6, 95th(ms): 771.8, 99th(ms): 906.0, 99.9th(ms): 1006.6, Max(ms): 1275.1
[Current] ORDER_STATUS - Takes(s): 10.0, Count: 75, TPM: 450.5, Sum(ms): 9546.2, Avg(ms): 127.5, 50th(ms): 109.1, 90th(ms): 234.9, 95th(ms): 285.2, 99th(ms): 335.5, 99.9th(ms): 335.5, Max(ms): 335.5
[Current] PAYMENT - Takes(s): 10.0, Count: 714, TPM: 4287.0, Sum(ms): 167194.9, Avg(ms): 234.4, 50th(ms): 209.7, 90th(ms): 352.3, 95th(ms): 402.7, 99th(ms): 570.4, 99.9th(ms): 671.1, Max(ms): 771.8
[Current] STOCK_LEVEL - Takes(s): 9.9, Count: 79, TPM: 476.5, Sum(ms): 10276.6, Avg(ms): 130.3, 50th(ms): 83.9, 90th(ms): 218.1, 95th(ms): 385.9, 99th(ms): 570.4, 99.9th(ms): 604.0, Max(ms): 604.0
[Current] DELIVERY - Takes(s): 10.0, Count: 71, TPM: 428.0, Sum(ms): 48202.8, Avg(ms): 681.6, 50th(ms): 503.3, 90th(ms): 1208.0, 95th(ms): 1342.2, 99th(ms): 1677.7, 99.9th(ms): 1811.9, Max(ms): 1811.9
[Current] NEW_ORDER - Takes(s): 10.0, Count: 870, TPM: 5221.5, Sum(ms): 369020.7, Avg(ms): 424.3, 50th(ms): 385.9, 90th(ms): 637.5, 95th(ms): 838.9, 99th(ms): 1140.9, 99.9th(ms): 1342.2, Max(ms): 1342.2
[Current] ORDER_STATUS - Takes(s): 10.0, Count: 87, TPM: 523.2, Sum(ms): 11692.5, Avg(ms): 134.5, 50th(ms): 104.9, 90th(ms): 234.9, 95th(ms): 302.0, 99th(ms): 335.5, 99.9th(ms): 335.5, Max(ms): 335.5
[Current] PAYMENT - Takes(s): 10.0, Count: 817, TPM: 4903.2, Sum(ms): 175278.9, Avg(ms): 214.5, 50th(ms): 176.2, 90th(ms): 335.5, 95th(ms): 402.7, 99th(ms): 604.0, 99.9th(ms): 771.8, Max(ms): 838.9
[Current] STOCK_LEVEL - Takes(s): 9.7, Count: 60, TPM: 369.4, Sum(ms): 7254.7, Avg(ms): 121.0, 50th(ms): 75.5, 90th(ms): 209.7, 95th(ms): 369.1, 99th(ms): 419.4, 99.9th(ms): 570.4, Max(ms): 570.4
[Current] DELIVERY - Takes(s): 10.0, Count: 84, TPM: 504.4, Sum(ms): 55401.9, Avg(ms): 658.8, 50th(ms): 486.5, 90th(ms): 1040.2, 95th(ms): 1140.9, 99th(ms): 1342.2, 99.9th(ms): 1409.3, Max(ms): 1409.3
[Current] NEW_ORDER - Takes(s): 10.0, Count: 940, TPM: 5651.4, Sum(ms): 358573.9, Avg(ms): 382.2, 50th(ms): 369.1, 90th(ms): 570.4, 95th(ms): 604.0, 99th(ms): 771.8, 99.9th(ms): 872.4, Max(ms): 872.4
[Current] ORDER_STATUS - Takes(s): 9.9, Count: 81, TPM: 490.9, Sum(ms): 10169.6, Avg(ms): 125.6, 50th(ms): 104.9, 90th(ms): 218.1, 95th(ms): 234.9, 99th(ms): 243.3, 99.9th(ms): 285.2, Max(ms): 285.2
[Current] PAYMENT - Takes(s): 10.0, Count: 897, TPM: 5386.6, Sum(ms): 177197.4, Avg(ms): 197.7, 50th(ms): 176.2, 90th(ms): 285.2, 95th(ms): 318.8, 99th(ms): 486.5, 99.9th(ms): 604.0, Max(ms): 604.0
[Current] STOCK_LEVEL - Takes(s): 9.7, Count: 86, TPM: 532.5, Sum(ms): 9859.7, Avg(ms): 114.2, 50th(ms): 75.5, 90th(ms): 167.8, 95th(ms): 385.9, 99th(ms): 469.8, 99.9th(ms): 637.5, Max(ms): 637.5
[Current] DELIVERY - Takes(s): 10.0, Count: 83, TPM: 498.2, Sum(ms): 55553.5, Avg(ms): 667.9, 50th(ms): 503.3, 90th(ms): 1275.1, 95th(ms): 1275.1, 99th(ms): 1342.2, 99.9th(ms): 1543.5, Max(ms): 1543.5
[Current] NEW_ORDER - Takes(s): 10.0, Count: 924, TPM: 5545.1, Sum(ms): 360069.7, Avg(ms): 389.7, 50th(ms): 369.1, 90th(ms): 570.4, 95th(ms): 637.5, 99th(ms): 771.8, 99.9th(ms): 973.1, Max(ms): 973.1
[Current] ORDER_STATUS - Takes(s): 9.8, Count: 81, TPM: 494.5, Sum(ms): 10329.1, Avg(ms): 127.4, 50th(ms): 104.9, 90th(ms): 209.7, 95th(ms): 234.9, 99th(ms): 318.8, 99.9th(ms): 369.1, Max(ms): 369.1
[Current] PAYMENT - Takes(s): 10.0, Count: 889, TPM: 5335.3, Sum(ms): 178703.5, Avg(ms): 200.9, 50th(ms): 176.2, 90th(ms): 302.0, 95th(ms): 335.5, 99th(ms): 486.5, 99.9th(ms): 604.0, Max(ms): 637.5
[Current] STOCK_LEVEL - Takes(s): 9.9, Count: 79, TPM: 480.7, Sum(ms): 8332.7, Avg(ms): 105.1, 50th(ms): 75.5, 90th(ms): 142.6, 95th(ms): 369.1, 99th(ms): 453.0, 99.9th(ms): 604.0, Max(ms): 604.0
[Current] DELIVERY - Takes(s): 10.0, Count: 74, TPM: 444.4, Sum(ms): 51111.1, Avg(ms): 690.9, 50th(ms): 520.1, 90th(ms): 1275.1, 95th(ms): 1476.4, 99th(ms): 1543.5, 99.9th(ms): 1543.5, Max(ms): 1543.5
[Current] NEW_ORDER - Takes(s): 10.0, Count: 877, TPM: 5265.5, Sum(ms): 365765.1, Avg(ms): 417.2, 50th(ms): 402.7, 90th(ms): 637.5, 95th(ms): 704.6, 99th(ms): 872.4, 99.9th(ms): 1006.6, Max(ms): 1073.7
[Current] ORDER_STATUS - Takes(s): 9.8, Count: 76, TPM: 464.8, Sum(ms): 10112.3, Avg(ms): 133.1, 50th(ms): 104.9, 90th(ms): 243.3, 95th(ms): 302.0, 99th(ms): 369.1, 99.9th(ms): 453.0, Max(ms): 453.0
[Current] PAYMENT - Takes(s): 10.0, Count: 834, TPM: 5016.3, Sum(ms): 175794.1, Avg(ms): 210.8, 50th(ms): 176.2, 90th(ms): 318.8, 95th(ms): 385.9, 99th(ms): 536.9, 99.9th(ms): 604.0, Max(ms): 637.5
[Current] STOCK_LEVEL - Takes(s): 9.8, Count: 73, TPM: 446.8, Sum(ms): 9084.9, Avg(ms): 124.2, 50th(ms): 79.7, 90th(ms): 285.2, 95th(ms): 402.7, 99th(ms): 503.3, 99.9th(ms): 604.0, Max(ms): 604.0
[Current] DELIVERY - Takes(s): 10.0, Count: 81, TPM: 486.2, Sum(ms): 57485.1, Avg(ms): 709.1, 50th(ms): 503.3, 90th(ms): 1140.9, 95th(ms): 1275.1, 99th(ms): 2550.1, 99.9th(ms): 2550.1, Max(ms): 2550.1
[Current] NEW_ORDER - Takes(s): 10.0, Count: 777, TPM: 4662.0, Sum(ms): 352890.0, Avg(ms): 454.5, 50th(ms): 385.9, 90th(ms): 637.5, 95th(ms): 1073.7, 99th(ms): 1811.9, 99.9th(ms): 1946.2, Max(ms): 2013.3
[Current] ORDER_STATUS - Takes(s): 10.0, Count: 76, TPM: 457.2, Sum(ms): 12528.1, Avg(ms): 165.1, 50th(ms): 109.1, 90th(ms): 251.7, 95th(ms): 302.0, 99th(ms): 771.8, 99.9th(ms): 838.9, Max(ms): 838.9
[Current] PAYMENT - Takes(s): 10.0, Count: 781, TPM: 4698.0, Sum(ms): 179045.0, Avg(ms): 229.3, 50th(ms): 176.2, 90th(ms): 318.8, 95th(ms): 486.5, 99th(ms): 906.0, 99.9th(ms): 1342.2, Max(ms): 1811.9
[Current] STOCK_LEVEL - Takes(s): 9.8, Count: 79, TPM: 483.3, Sum(ms): 9264.6, Avg(ms): 117.0, 50th(ms): 75.5, 90th(ms): 201.3, 95th(ms): 318.8, 99th(ms): 536.9, 99.9th(ms): 570.4, Max(ms): 570.4
[Current] DELIVERY - Takes(s): 10.0, Count: 82, TPM: 493.1, Sum(ms): 49963.2, Avg(ms): 609.6, 50th(ms): 469.8, 90th(ms): 1006.6, 95th(ms): 1040.2, 99th(ms): 1073.7, 99.9th(ms): 1140.9, Max(ms): 1140.9
[Current] NEW_ORDER - Takes(s): 10.0, Count: 992, TPM: 5951.7, Sum(ms): 369666.7, Avg(ms): 373.3, 50th(ms): 369.1, 90th(ms): 536.9, 95th(ms): 604.0, 99th(ms): 671.1, 99.9th(ms): 771.8, Max(ms): 805.3
[Current] ORDER_STATUS - Takes(s): 9.9, Count: 86, TPM: 520.7, Sum(ms): 10710.2, Avg(ms): 124.5, 50th(ms): 104.9, 90th(ms): 218.1, 95th(ms): 226.5, 99th(ms): 251.7, 99.9th(ms): 260.0, Max(ms): 260.0
[Current] PAYMENT - Takes(s): 10.0, Count: 895, TPM: 5371.2, Sum(ms): 173892.4, Avg(ms): 194.4, 50th(ms): 167.8, 90th(ms): 268.4, 95th(ms): 302.0, 99th(ms): 402.7, 99.9th(ms): 637.5, Max(ms): 637.5
[Current] STOCK_LEVEL - Takes(s): 9.9, Count: 80, TPM: 484.6, Sum(ms): 8786.0, Avg(ms): 109.8, 50th(ms): 75.5, 90th(ms): 201.3, 95th(ms): 260.0, 99th(ms): 436.2, 99.9th(ms): 503.3, Max(ms): 503.3
[Current] DELIVERY - Takes(s): 9.9, Count: 96, TPM: 579.7, Sum(ms): 61038.8, Avg(ms): 634.7, 50th(ms): 469.8, 90th(ms): 1006.6, 95th(ms): 1040.2, 99th(ms): 1275.1, 99.9th(ms): 1342.2, Max(ms): 1342.2
[Current] NEW_ORDER - Takes(s): 10.0, Count: 949, TPM: 5703.7, Sum(ms): 354414.0, Avg(ms): 373.8, 50th(ms): 369.1, 90th(ms): 536.9, 95th(ms): 570.4, 99th(ms): 637.5, 99.9th(ms): 872.4, Max(ms): 1006.6
[Current] ORDER_STATUS - Takes(s): 10.0, Count: 79, TPM: 475.7, Sum(ms): 9272.2, Avg(ms): 117.4, 50th(ms): 100.7, 90th(ms): 209.7, 95th(ms): 218.1, 99th(ms): 243.3, 99.9th(ms): 243.3, Max(ms): 243.3
[Current] PAYMENT - Takes(s): 10.0, Count: 927, TPM: 5571.7, Sum(ms): 174523.1, Avg(ms): 188.5, 50th(ms): 167.8, 90th(ms): 260.0, 95th(ms): 285.2, 99th(ms): 402.7, 99.9th(ms): 503.3, Max(ms): 604.0
[Current] STOCK_LEVEL - Takes(s): 10.0, Count: 90, TPM: 540.5, Sum(ms): 10133.0, Avg(ms): 112.9, 50th(ms): 75.5, 90th(ms): 176.2, 95th(ms): 402.7, 99th(ms): 604.0, 99.9th(ms): 704.6, Max(ms): 704.6
[Current] DELIVERY - Takes(s): 10.0, Count: 98, TPM: 588.6, Sum(ms): 59114.2, Avg(ms): 604.8, 50th(ms): 469.8, 90th(ms): 1040.2, 95th(ms): 1073.7, 99th(ms): 1140.9, 99.9th(ms): 1275.1, Max(ms): 1275.1
[Current] NEW_ORDER - Takes(s): 10.0, Count: 938, TPM: 5633.8, Sum(ms): 353852.9, Avg(ms): 377.5, 50th(ms): 369.1, 90th(ms): 570.4, 95th(ms): 604.0, 99th(ms): 671.1, 99.9th(ms): 805.3, Max(ms): 805.3
[Current] ORDER_STATUS - Takes(s): 9.9, Count: 79, TPM: 476.6, Sum(ms): 9571.0, Avg(ms): 121.6, 50th(ms): 100.7, 90th(ms): 209.7, 95th(ms): 218.1, 99th(ms): 285.2, 99.9th(ms): 318.8, Max(ms): 318.8
[Current] PAYMENT - Takes(s): 10.0, Count: 906, TPM: 5441.8, Sum(ms): 178163.6, Avg(ms): 197.0, 50th(ms): 167.8, 90th(ms): 285.2, 95th(ms): 318.8, 99th(ms): 469.8, 99.9th(ms): 704.6, Max(ms): 872.4
[Current] STOCK_LEVEL - Takes(s): 9.8, Count: 97, TPM: 593.1, Sum(ms): 11443.1, Avg(ms): 118.1, 50th(ms): 75.5, 90th(ms): 209.7, 95th(ms): 369.1, 99th(ms): 503.3, 99.9th(ms): 604.0, Max(ms): 604.0
[Current] DELIVERY - Takes(s): 9.8, Count: 83, TPM: 506.5, Sum(ms): 51856.4, Avg(ms): 624.4, 50th(ms): 503.3, 90th(ms): 1073.7, 95th(ms): 1140.9, 99th(ms): 1275.1, 99.9th(ms): 1476.4, Max(ms): 1476.4
[Current] NEW_ORDER - Takes(s): 10.0, Count: 899, TPM: 5393.6, Sum(ms): 359547.0, Avg(ms): 400.0, 50th(ms): 385.9, 90th(ms): 604.0, 95th(ms): 671.1, 99th(ms): 738.2, 99.9th(ms): 906.0, Max(ms): 939.5
[Current] ORDER_STATUS - Takes(s): 9.8, Count: 75, TPM: 458.7, Sum(ms): 9169.2, Avg(ms): 122.5, 50th(ms): 109.1, 90th(ms): 201.3, 95th(ms): 218.1, 99th(ms): 302.0, 99.9th(ms): 318.8, Max(ms): 318.8
[Current] PAYMENT - Takes(s): 9.9, Count: 839, TPM: 5061.9, Sum(ms): 175584.3, Avg(ms): 209.2, 50th(ms): 184.5, 90th(ms): 302.0, 95th(ms): 335.5, 99th(ms): 520.1, 99.9th(ms): 671.1, Max(ms): 671.1
[Current] STOCK_LEVEL - Takes(s): 10.0, Count: 91, TPM: 547.3, Sum(ms): 8569.2, Avg(ms): 94.0, 50th(ms): 79.7, 90th(ms): 142.6, 95th(ms): 159.4, 99th(ms): 302.0, 99.9th(ms): 402.7, Max(ms): 402.7
[Current] DELIVERY - Takes(s): 10.0, Count: 71, TPM: 426.5, Sum(ms): 46645.7, Avg(ms): 655.7, 50th(ms): 520.1, 90th(ms): 1140.9, 95th(ms): 1208.0, 99th(ms): 1208.0, 99.9th(ms): 1610.6, Max(ms): 1610.6
[Current] NEW_ORDER - Takes(s): 10.0, Count: 888, TPM: 5334.6, Sum(ms): 358932.2, Avg(ms): 404.3, 50th(ms): 385.9, 90th(ms): 604.0, 95th(ms): 671.1, 99th(ms): 771.8, 99.9th(ms): 906.0, Max(ms): 973.1
[Current] ORDER_STATUS - Takes(s): 9.7, Count: 77, TPM: 475.0, Sum(ms): 10984.4, Avg(ms): 142.9, 50th(ms): 113.2, 90th(ms): 234.9, 95th(ms): 302.0, 99th(ms): 318.8, 99.9th(ms): 419.4, Max(ms): 419.4
[Current] PAYMENT - Takes(s): 10.0, Count: 884, TPM: 5304.9, Sum(ms): 187608.9, Avg(ms): 212.2, 50th(ms): 184.5, 90th(ms): 302.0, 95th(ms): 352.3, 99th(ms): 469.8, 99.9th(ms): 738.2, Max(ms): 771.8
[Current] STOCK_LEVEL - Takes(s): 9.9, Count: 88, TPM: 534.8, Sum(ms): 11163.1, Avg(ms): 126.6, 50th(ms): 79.7, 90th(ms): 184.5, 95th(ms): 469.8, 99th(ms): 604.0, 99.9th(ms): 939.5, Max(ms): 939.5
[Current] DELIVERY - Takes(s): 9.9, Count: 66, TPM: 400.0, Sum(ms): 37369.5, Avg(ms): 565.5, 50th(ms): 469.8, 90th(ms): 1006.6, 95th(ms): 1040.2, 99th(ms): 1040.2, 99.9th(ms): 1073.7, Max(ms): 1073.7
[Current] NEW_ORDER - Takes(s): 10.0, Count: 1011, TPM: 6070.2, Sum(ms): 375062.3, Avg(ms): 371.3, 50th(ms): 369.1, 90th(ms): 520.1, 95th(ms): 604.0, 99th(ms): 671.1, 99.9th(ms): 805.3, Max(ms): 906.0
[Current] ORDER_STATUS - Takes(s): 9.9, Count: 88, TPM: 531.0, Sum(ms): 10592.5, Avg(ms): 120.7, 50th(ms): 100.7, 90th(ms): 201.3, 95th(ms): 234.9, 99th(ms): 285.2, 99.9th(ms): 302.0, Max(ms): 302.0
[Current] PAYMENT - Takes(s): 10.0, Count: 955, TPM: 5732.5, Sum(ms): 179781.0, Avg(ms): 188.5, 50th(ms): 167.8, 90th(ms): 268.4, 95th(ms): 285.2, 99th(ms): 385.9, 99.9th(ms): 570.4, Max(ms): 604.0
[Current] STOCK_LEVEL - Takes(s): 10.0, Count: 92, TPM: 552.2, Sum(ms): 9141.6, Avg(ms): 99.1, 50th(ms): 75.5, 90th(ms): 151.0, 95th(ms): 251.7, 99th(ms): 419.4, 99.9th(ms): 453.0, Max(ms): 453.0
[Current] DELIVERY - Takes(s): 9.9, Count: 94, TPM: 571.4, Sum(ms): 56102.6, Avg(ms): 596.4, 50th(ms): 469.8, 90th(ms): 1006.6, 95th(ms): 1040.2, 99th(ms): 1208.0, 99.9th(ms): 1342.2, Max(ms): 1342.2
[Current] NEW_ORDER - Takes(s): 10.0, Count: 975, TPM: 5861.6, Sum(ms): 359114.6, Avg(ms): 369.0, 50th(ms): 369.1, 90th(ms): 520.1, 95th(ms): 604.0, 99th(ms): 671.1, 99.9th(ms): 973.1, Max(ms): 1006.6
[Current] ORDER_STATUS - Takes(s): 9.3, Count: 87, TPM: 560.1, Sum(ms): 11120.9, Avg(ms): 128.0, 50th(ms): 104.9, 90th(ms): 218.1, 95th(ms): 226.5, 99th(ms): 268.4, 99.9th(ms): 285.2, Max(ms): 285.2
[Current] PAYMENT - Takes(s): 10.0, Count: 905, TPM: 5436.7, Sum(ms): 175756.0, Avg(ms): 194.5, 50th(ms): 167.8, 90th(ms): 268.4, 95th(ms): 302.0, 99th(ms): 385.9, 99.9th(ms): 570.4, Max(ms): 637.5
[Current] STOCK_LEVEL - Takes(s): 9.9, Count: 61, TPM: 371.1, Sum(ms): 7456.7, Avg(ms): 122.2, 50th(ms): 75.5, 90th(ms): 318.8, 95th(ms): 402.7, 99th(ms): 436.2, 99.9th(ms): 453.0, Max(ms): 453.0
[Current] DELIVERY - Takes(s): 9.9, Count: 63, TPM: 380.0, Sum(ms): 47793.1, Avg(ms): 762.6, 50th(ms): 570.4, 90th(ms): 1342.2, 95th(ms): 1543.5, 99th(ms): 1811.9, 99.9th(ms): 1811.9, Max(ms): 1811.9
[Current] NEW_ORDER - Takes(s): 10.0, Count: 816, TPM: 4898.2, Sum(ms): 360146.4, Avg(ms): 441.4, 50th(ms): 419.4, 90th(ms): 671.1, 95th(ms): 738.2, 99th(ms): 973.1, 99.9th(ms): 1275.1, Max(ms): 1342.2
[Current] ORDER_STATUS - Takes(s): 9.9, Count: 74, TPM: 446.8, Sum(ms): 10759.6, Avg(ms): 145.4, 50th(ms): 125.8, 90th(ms): 234.9, 95th(ms): 285.2, 99th(ms): 385.9, 99.9th(ms): 419.4, Max(ms): 419.4
[Current] PAYMENT - Takes(s): 10.0, Count: 803, TPM: 4829.1, Sum(ms): 181818.1, Avg(ms): 226.6, 50th(ms): 192.9, 90th(ms): 335.5, 95th(ms): 419.4, 99th(ms): 637.5, 99.9th(ms): 771.8, Max(ms): 1275.1
[Current] STOCK_LEVEL - Takes(s): 10.0, Count: 78, TPM: 469.0, Sum(ms): 9363.1, Avg(ms): 119.8, 50th(ms): 79.7, 90th(ms): 151.0, 95th(ms): 469.8, 99th(ms): 520.1, 99.9th(ms): 570.4, Max(ms): 570.4
[Current] DELIVERY - Takes(s): 9.8, Count: 75, TPM: 459.2, Sum(ms): 51933.8, Avg(ms): 691.6, 50th(ms): 520.1, 90th(ms): 1140.9, 95th(ms): 1275.1, 99th(ms): 1744.8, 99.9th(ms): 1744.8, Max(ms): 1744.8
[Current] NEW_ORDER - Takes(s): 10.0, Count: 852, TPM: 5112.6, Sum(ms): 362412.5, Avg(ms): 425.6, 50th(ms): 402.7, 90th(ms): 637.5, 95th(ms): 738.2, 99th(ms): 1006.6, 99.9th(ms): 1342.2, Max(ms): 1677.7
[Current] ORDER_STATUS - Takes(s): 9.8, Count: 68, TPM: 415.0, Sum(ms): 9942.6, Avg(ms): 146.6, 50th(ms): 104.9, 90th(ms): 251.7, 95th(ms): 285.2, 99th(ms): 486.5, 99.9th(ms): 604.0, Max(ms): 604.0
[Current] PAYMENT - Takes(s): 10.0, Count: 803, TPM: 4820.8, Sum(ms): 178164.6, Avg(ms): 222.1, 50th(ms): 184.5, 90th(ms): 335.5, 95th(ms): 419.4, 99th(ms): 637.5, 99.9th(ms): 838.9, Max(ms): 906.0
[Current] STOCK_LEVEL - Takes(s): 9.9, Count: 69, TPM: 416.3, Sum(ms): 7458.2, Avg(ms): 107.6, 50th(ms): 75.5, 90th(ms): 167.8, 95th(ms): 302.0, 99th(ms): 402.7, 99.9th(ms): 604.0, Max(ms): 604.0
[Current] DELIVERY - Takes(s): 10.0, Count: 92, TPM: 552.1, Sum(ms): 57230.1, Avg(ms): 623.7, 50th(ms): 486.5, 90th(ms): 1040.2, 95th(ms): 1073.7, 99th(ms): 1140.9, 99.9th(ms): 1208.0, Max(ms): 1208.0
[Current] NEW_ORDER - Takes(s): 10.0, Count: 962, TPM: 5773.6, Sum(ms): 365346.2, Avg(ms): 380.0, 50th(ms): 369.1, 90th(ms): 536.9, 95th(ms): 604.0, 99th(ms): 671.1, 99.9th(ms): 805.3, Max(ms): 973.1
[Current] ORDER_STATUS - Takes(s): 10.0, Count: 90, TPM: 540.3, Sum(ms): 10572.4, Avg(ms): 117.4, 50th(ms): 104.9, 90th(ms): 192.9, 95th(ms): 209.7, 99th(ms): 218.1, 99.9th(ms): 226.5, Max(ms): 226.5
[Current] PAYMENT - Takes(s): 10.0, Count: 871, TPM: 5244.8, Sum(ms): 172690.0, Avg(ms): 198.5, 50th(ms): 176.2, 90th(ms): 285.2, 95th(ms): 302.0, 99th(ms): 436.2, 99.9th(ms): 637.5, Max(ms): 671.1
[Current] STOCK_LEVEL - Takes(s): 9.5, Count: 55, TPM: 346.8, Sum(ms): 6301.0, Avg(ms): 114.6, 50th(ms): 79.7, 90th(ms): 209.7, 95th(ms): 318.8, 99th(ms): 352.3, 99.9th(ms): 369.1, Max(ms): 369.1
[Current] DELIVERY - Takes(s): 9.8, Count: 77, TPM: 472.6, Sum(ms): 53630.3, Avg(ms): 697.9, 50th(ms): 486.5, 90th(ms): 1073.7, 95th(ms): 1140.9, 99th(ms): 1275.1, 99.9th(ms): 2147.5, Max(ms): 2147.5
[Current] NEW_ORDER - Takes(s): 10.0, Count: 966, TPM: 5799.7, Sum(ms): 364812.7, Avg(ms): 377.6, 50th(ms): 369.1, 90th(ms): 536.9, 95th(ms): 604.0, 99th(ms): 671.1, 99.9th(ms): 838.9, Max(ms): 906.0
[Current] ORDER_STATUS - Takes(s): 9.9, Count: 105, TPM: 636.4, Sum(ms): 12178.9, Avg(ms): 116.3, 50th(ms): 104.9, 90th(ms): 192.9, 95th(ms): 209.7, 99th(ms): 285.2, 99.9th(ms): 318.8, Max(ms): 318.8
[Current] PAYMENT - Takes(s): 10.0, Count: 892, TPM: 5353.8, Sum(ms): 170322.7, Avg(ms): 191.0, 50th(ms): 176.2, 90th(ms): 268.4, 95th(ms): 285.2, 99th(ms): 402.7, 99.9th(ms): 520.1, Max(ms): 604.0
[Current] STOCK_LEVEL - Takes(s): 9.7, Count: 89, TPM: 548.5, Sum(ms): 11382.0, Avg(ms): 128.0, 50th(ms): 75.5, 90th(ms): 318.8, 95th(ms): 503.3, 99th(ms): 570.4, 99.9th(ms): 704.6, Max(ms): 704.6
[Current] DELIVERY - Takes(s): 9.9, Count: 75, TPM: 453.6, Sum(ms): 48677.2, Avg(ms): 649.7, 50th(ms): 486.5, 90th(ms): 1040.2, 95th(ms): 1140.9, 99th(ms): 1208.0, 99.9th(ms): 1543.5, Max(ms): 1543.5
[Current] NEW_ORDER - Takes(s): 10.0, Count: 963, TPM: 5787.7, Sum(ms): 363532.1, Avg(ms): 377.2, 50th(ms): 369.1, 90th(ms): 570.4, 95th(ms): 604.0, 99th(ms): 671.1, 99.9th(ms): 872.4, Max(ms): 1073.7
[Current] ORDER_STATUS - Takes(s): 9.8, Count: 88, TPM: 536.0, Sum(ms): 9772.8, Avg(ms): 111.1, 50th(ms): 100.7, 90th(ms): 184.5, 95th(ms): 218.1, 99th(ms): 243.3, 99.9th(ms): 302.0, Max(ms): 302.0
[Current] PAYMENT - Takes(s): 10.0, Count: 903, TPM: 5419.5, Sum(ms): 179007.1, Avg(ms): 198.4, 50th(ms): 176.2, 90th(ms): 285.2, 95th(ms): 302.0, 99th(ms): 385.9, 99.9th(ms): 604.0, Max(ms): 637.5
[Current] STOCK_LEVEL - Takes(s): 10.0, Count: 73, TPM: 439.0, Sum(ms): 9634.8, Avg(ms): 132.0, 50th(ms): 79.7, 90th(ms): 302.0, 95th(ms): 385.9, 99th(ms): 453.0, 99.9th(ms): 570.4, Max(ms): 570.4
[Current] DELIVERY - Takes(s): 10.0, Count: 83, TPM: 500.2, Sum(ms): 51717.3, Avg(ms): 624.8, 50th(ms): 486.5, 90th(ms): 1006.6, 95th(ms): 1040.2, 99th(ms): 1140.9, 99.9th(ms): 1208.0, Max(ms): 1208.0
[Current] NEW_ORDER - Takes(s): 10.0, Count: 924, TPM: 5553.8, Sum(ms): 357009.8, Avg(ms): 386.0, 50th(ms): 369.1, 90th(ms): 570.4, 95th(ms): 637.5, 99th(ms): 738.2, 99.9th(ms): 872.4, Max(ms): 973.1
[Current] ORDER_STATUS - Takes(s): 10.0, Count: 102, TPM: 612.4, Sum(ms): 12431.3, Avg(ms): 121.5, 50th(ms): 104.9, 90th(ms): 209.7, 95th(ms): 226.5, 99th(ms): 260.0, 99.9th(ms): 268.4, Max(ms): 268.4
[Current] PAYMENT - Takes(s): 10.0, Count: 911, TPM: 5473.9, Sum(ms): 180637.7, Avg(ms): 198.5, 50th(ms): 176.2, 90th(ms): 285.2, 95th(ms): 318.8, 99th(ms): 486.5, 99.9th(ms): 604.0, Max(ms): 637.5
[Current] STOCK_LEVEL - Takes(s): 10.0, Count: 86, TPM: 516.9, Sum(ms): 9915.0, Avg(ms): 115.1, 50th(ms): 75.5, 90th(ms): 251.7, 95th(ms): 369.1, 99th(ms): 419.4, 99.9th(ms): 453.0, Max(ms): 453.0
[Current] DELIVERY - Takes(s): 9.8, Count: 73, TPM: 444.9, Sum(ms): 45845.0, Avg(ms): 628.7, 50th(ms): 486.5, 90th(ms): 1040.2, 95th(ms): 1073.7, 99th(ms): 1140.9, 99.9th(ms): 1208.0, Max(ms): 1208.0
[Current] NEW_ORDER - Takes(s): 10.0, Count: 965, TPM: 5793.1, Sum(ms): 360133.2, Avg(ms): 373.2, 50th(ms): 369.1, 90th(ms): 520.1, 95th(ms): 604.0, 99th(ms): 671.1, 99.9th(ms): 771.8, Max(ms): 771.8
[Current] ORDER_STATUS - Takes(s): 10.0, Count: 86, TPM: 517.8, Sum(ms): 10464.0, Avg(ms): 121.8, 50th(ms): 104.9, 90th(ms): 201.3, 95th(ms): 218.1, 99th(ms): 251.7, 99.9th(ms): 260.0, Max(ms): 260.0
[Current] PAYMENT - Takes(s): 10.0, Count: 948, TPM: 5692.5, Sum(ms): 183768.4, Avg(ms): 194.1, 50th(ms): 176.2, 90th(ms): 268.4, 95th(ms): 302.0, 99th(ms): 419.4, 99.9th(ms): 570.4, Max(ms): 604.0
[Current] STOCK_LEVEL - Takes(s): 10.0, Count: 84, TPM: 506.3, Sum(ms): 9605.7, Avg(ms): 114.8, 50th(ms): 75.5, 90th(ms): 192.9, 95th(ms): 335.5, 99th(ms): 503.3, 99.9th(ms): 604.0, Max(ms): 604.0
[Current] DELIVERY - Takes(s): 10.0, Count: 83, TPM: 498.7, Sum(ms): 54435.6, Avg(ms): 656.0, 50th(ms): 503.3, 90th(ms): 1073.7, 95th(ms): 1140.9, 99th(ms): 1140.9, 99.9th(ms): 2080.4, Max(ms): 2080.4
[Current] NEW_ORDER - Takes(s): 10.0, Count: 891, TPM: 5360.5, Sum(ms): 350418.7, Avg(ms): 393.5, 50th(ms): 385.9, 90th(ms): 570.4, 95th(ms): 637.5, 99th(ms): 738.2, 99.9th(ms): 906.0, Max(ms): 1006.6
[Current] ORDER_STATUS - Takes(s): 9.9, Count: 83, TPM: 502.0, Sum(ms): 9775.6, Avg(ms): 118.0, 50th(ms): 104.9, 90th(ms): 192.9, 95th(ms): 226.5, 99th(ms): 251.7, 99.9th(ms): 318.8, Max(ms): 318.8
[Current] PAYMENT - Takes(s): 10.0, Count: 902, TPM: 5412.4, Sum(ms): 185559.5, Avg(ms): 205.7, 50th(ms): 176.2, 90th(ms): 302.0, 95th(ms): 335.5, 99th(ms): 469.8, 99.9th(ms): 604.0, Max(ms): 637.5
[Current] STOCK_LEVEL - Takes(s): 9.8, Count: 82, TPM: 503.9, Sum(ms): 9786.1, Avg(ms): 119.5, 50th(ms): 79.7, 90th(ms): 226.5, 95th(ms): 402.7, 99th(ms): 486.5, 99.9th(ms): 503.3, Max(ms): 503.3
[Current] DELIVERY - Takes(s): 9.8, Count: 84, TPM: 512.4, Sum(ms): 54863.9, Avg(ms): 652.7, 50th(ms): 503.3, 90th(ms): 1040.2, 95th(ms): 1073.7, 99th(ms): 1208.0, 99.9th(ms): 1208.0, Max(ms): 1208.0
[Current] NEW_ORDER - Takes(s): 10.0, Count: 945, TPM: 5673.6, Sum(ms): 363810.5, Avg(ms): 385.3, 50th(ms): 369.1, 90th(ms): 570.4, 95th(ms): 604.0, 99th(ms): 704.6, 99.9th(ms): 906.0, Max(ms): 906.0
[Current] ORDER_STATUS - Takes(s): 10.0, Count: 69, TPM: 416.0, Sum(ms): 8286.6, Avg(ms): 120.4, 50th(ms): 104.9, 90th(ms): 192.9, 95th(ms): 234.9, 99th(ms): 285.2, 99.9th(ms): 318.8, Max(ms): 318.8
[Current] PAYMENT - Takes(s): 10.0, Count: 872, TPM: 5233.6, Sum(ms): 174935.7, Avg(ms): 200.8, 50th(ms): 176.2, 90th(ms): 285.2, 95th(ms): 318.8, 99th(ms): 453.0, 99.9th(ms): 704.6, Max(ms): 771.8
[Current] STOCK_LEVEL - Takes(s): 10.0, Count: 97, TPM: 582.3, Sum(ms): 10426.3, Avg(ms): 107.6, 50th(ms): 75.5, 90th(ms): 159.4, 95th(ms): 302.0, 99th(ms): 436.2, 99.9th(ms): 520.1, Max(ms): 520.1
[Current] DELIVERY - Takes(s): 9.8, Count: 85, TPM: 520.4, Sum(ms): 57333.0, Avg(ms): 676.8, 50th(ms): 486.5, 90th(ms): 1040.2, 95th(ms): 1140.9, 99th(ms): 1208.0, 99.9th(ms): 1208.0, Max(ms): 1208.0
[Current] NEW_ORDER - Takes(s): 10.0, Count: 923, TPM: 5545.3, Sum(ms): 354629.0, Avg(ms): 384.0, 50th(ms): 385.9, 90th(ms): 570.4, 95th(ms): 604.0, 99th(ms): 704.6, 99.9th(ms): 771.8, Max(ms): 872.4
[Current] ORDER_STATUS - Takes(s): 9.9, Count: 72, TPM: 435.3, Sum(ms): 8668.0, Avg(ms): 120.3, 50th(ms): 104.9, 90th(ms): 201.3, 95th(ms): 226.5, 99th(ms): 260.0, 99.9th(ms): 302.0, Max(ms): 302.0
[Current] PAYMENT - Takes(s): 10.0, Count: 912, TPM: 5473.2, Sum(ms): 178804.2, Avg(ms): 196.1, 50th(ms): 176.2, 90th(ms): 285.2, 95th(ms): 318.8, 99th(ms): 436.2, 99.9th(ms): 570.4, Max(ms): 604.0
[Current] STOCK_LEVEL - Takes(s): 9.9, Count: 92, TPM: 555.8, Sum(ms): 10832.9, Avg(ms): 117.7, 50th(ms): 75.5, 90th(ms): 251.7, 95th(ms): 369.1, 99th(ms): 419.4, 99.9th(ms): 637.5, Max(ms): 637.5
[Current] DELIVERY - Takes(s): 10.0, Count: 77, TPM: 463.3, Sum(ms): 48385.3, Avg(ms): 627.8, 50th(ms): 486.5, 90th(ms): 1040.2, 95th(ms): 1040.2, 99th(ms): 1073.7, 99.9th(ms): 1140.9, Max(ms): 1140.9
[Current] NEW_ORDER - Takes(s): 10.0, Count: 983, TPM: 5904.8, Sum(ms): 371898.3, Avg(ms): 378.1, 50th(ms): 369.1, 90th(ms): 536.9, 95th(ms): 604.0, 99th(ms): 704.6, 99.9th(ms): 906.0, Max(ms): 1140.9
[Current] ORDER_STATUS - Takes(s): 9.9, Count: 79, TPM: 479.4, Sum(ms): 8669.4, Avg(ms): 109.7, 50th(ms): 104.9, 90th(ms): 159.4, 95th(ms): 201.3, 99th(ms): 226.5, 99.9th(ms): 234.9, Max(ms): 234.9
[Current] PAYMENT - Takes(s): 10.0, Count: 893, TPM: 5369.7, Sum(ms): 173536.3, Avg(ms): 194.5, 50th(ms): 176.2, 90th(ms): 268.4, 95th(ms): 302.0, 99th(ms): 436.2, 99.9th(ms): 738.2, Max(ms): 771.8
[Current] STOCK_LEVEL - Takes(s): 9.8, Count: 76, TPM: 463.8, Sum(ms): 8248.1, Avg(ms): 108.3, 50th(ms): 75.5, 90th(ms): 167.8, 95th(ms): 260.0, 99th(ms): 419.4, 99.9th(ms): 453.0, Max(ms): 453.0
[Current] DELIVERY - Takes(s): 9.9, Count: 76, TPM: 462.2, Sum(ms): 49822.3, Avg(ms): 655.3, 50th(ms): 486.5, 90th(ms): 1040.2, 95th(ms): 1073.7, 99th(ms): 1275.1, 99.9th(ms): 2281.7, Max(ms): 2281.7
[Current] NEW_ORDER - Takes(s): 10.0, Count: 983, TPM: 5914.2, Sum(ms): 371928.3, Avg(ms): 378.4, 50th(ms): 369.1, 90th(ms): 536.9, 95th(ms): 604.0, 99th(ms): 671.1, 99.9th(ms): 805.3, Max(ms): 872.4
[Current] ORDER_STATUS - Takes(s): 10.0, Count: 68, TPM: 408.7, Sum(ms): 8356.4, Avg(ms): 123.1, 50th(ms): 104.9, 90th(ms): 201.3, 95th(ms): 218.1, 99th(ms): 243.3, 99.9th(ms): 268.4, Max(ms): 268.4
[Current] PAYMENT - Takes(s): 10.0, Count: 908, TPM: 5451.1, Sum(ms): 177553.3, Avg(ms): 195.6, 50th(ms): 176.2, 90th(ms): 285.2, 95th(ms): 302.0, 99th(ms): 402.7, 99.9th(ms): 520.1, Max(ms): 671.1
[Current] STOCK_LEVEL - Takes(s): 9.7, Count: 64, TPM: 397.8, Sum(ms): 6776.3, Avg(ms): 105.8, 50th(ms): 75.5, 90th(ms): 176.2, 95th(ms): 285.2, 99th(ms): 419.4, 99.9th(ms): 419.4, Max(ms): 419.4
[Current] DELIVERY - Takes(s): 9.9, Count: 69, TPM: 419.8, Sum(ms): 45569.3, Avg(ms): 660.5, 50th(ms): 486.5, 90th(ms): 1040.2, 95th(ms): 1040.2, 99th(ms): 1275.1, 99.9th(ms): 1476.4, Max(ms): 1476.4
[Current] NEW_ORDER - Takes(s): 10.0, Count: 961, TPM: 5769.1, Sum(ms): 363044.0, Avg(ms): 377.6, 50th(ms): 369.1, 90th(ms): 536.9, 95th(ms): 604.0, 99th(ms): 704.6, 99.9th(ms): 872.4, Max(ms): 906.0
[Current] ORDER_STATUS - Takes(s): 9.8, Count: 71, TPM: 434.0, Sum(ms): 8893.1, Avg(ms): 125.5, 50th(ms): 104.9, 90th(ms): 218.1, 95th(ms): 226.5, 99th(ms): 251.7, 99.9th(ms): 302.0, Max(ms): 302.0
[Current] PAYMENT - Takes(s): 10.0, Count: 912, TPM: 5485.0, Sum(ms): 179299.0, Avg(ms): 196.7, 50th(ms): 176.2, 90th(ms): 285.2, 95th(ms): 318.8, 99th(ms): 419.4, 99.9th(ms): 570.4, Max(ms): 637.5
[Current] STOCK_LEVEL - Takes(s): 9.9, Count: 103, TPM: 622.0, Sum(ms): 11406.4, Avg(ms): 110.9, 50th(ms): 75.5, 90th(ms): 234.9, 95th(ms): 318.8, 99th(ms): 352.3, 99.9th(ms): 419.4, Max(ms): 419.4
[Current] DELIVERY - Takes(s): 10.0, Count: 86, TPM: 516.6, Sum(ms): 52358.2, Avg(ms): 608.4, 50th(ms): 486.5, 90th(ms): 1040.2, 95th(ms): 1073.7, 99th(ms): 1140.9, 99.9th(ms): 1140.9, Max(ms): 1140.9
[Current] NEW_ORDER - Takes(s): 10.0, Count: 948, TPM: 5699.1, Sum(ms): 361515.6, Avg(ms): 381.3, 50th(ms): 369.1, 90th(ms): 570.4, 95th(ms): 604.0, 99th(ms): 704.6, 99.9th(ms): 906.0, Max(ms): 973.1
[Current] ORDER_STATUS - Takes(s): 9.9, Count: 68, TPM: 412.1, Sum(ms): 7615.4, Avg(ms): 111.6, 50th(ms): 100.7, 90th(ms): 184.5, 95th(ms): 201.3, 99th(ms): 251.7, 99.9th(ms): 251.7, Max(ms): 251.7
[Current] PAYMENT - Takes(s): 10.0, Count: 915, TPM: 5500.9, Sum(ms): 182408.1, Avg(ms): 199.4, 50th(ms): 176.2, 90th(ms): 285.2, 95th(ms): 318.8, 99th(ms): 469.8, 99.9th(ms): 570.4, Max(ms): 738.2
[Current] STOCK_LEVEL - Takes(s): 9.8, Count: 78, TPM: 476.0, Sum(ms): 9066.1, Avg(ms): 115.9, 50th(ms): 75.5, 90th(ms): 176.2, 95th(ms): 335.5, 99th(ms): 469.8, 99.9th(ms): 570.4, Max(ms): 570.4
[Current] DELIVERY - Takes(s): 9.9, Count: 77, TPM: 464.6, Sum(ms): 55730.5, Avg(ms): 724.1, 50th(ms): 536.9, 90th(ms): 1073.7, 95th(ms): 1140.9, 99th(ms): 1946.2, 99.9th(ms): 2080.4, Max(ms): 2080.4
[Current] NEW_ORDER - Takes(s): 10.0, Count: 823, TPM: 4940.7, Sum(ms): 374383.8, Avg(ms): 455.4, 50th(ms): 402.7, 90th(ms): 771.8, 95th(ms): 872.4, 99th(ms): 1073.7, 99.9th(ms): 1208.0, Max(ms): 1275.1
[Current] ORDER_STATUS - Takes(s): 9.9, Count: 78, TPM: 474.6, Sum(ms): 10994.9, Avg(ms): 141.3, 50th(ms): 104.9, 90th(ms): 243.3, 95th(ms): 285.2, 99th(ms): 369.1, 99.9th(ms): 536.9, Max(ms): 536.9
[Current] PAYMENT - Takes(s): 10.0, Count: 703, TPM: 4218.1, Sum(ms): 159388.9, Avg(ms): 226.7, 50th(ms): 184.5, 90th(ms): 369.1, 95th(ms): 453.0, 99th(ms): 671.1, 99.9th(ms): 838.9, Max(ms): 906.0
[Current] STOCK_LEVEL - Takes(s): 9.6, Count: 69, TPM: 431.0, Sum(ms): 9702.4, Avg(ms): 140.8, 50th(ms): 117.4, 90th(ms): 260.0, 95th(ms): 335.5, 99th(ms): 453.0, 99.9th(ms): 570.4, Max(ms): 570.4
[Current] DELIVERY - Takes(s): 9.9, Count: 77, TPM: 469.0, Sum(ms): 46855.4, Avg(ms): 608.2, 50th(ms): 503.3, 90th(ms): 1040.2, 95th(ms): 1040.2, 99th(ms): 1073.7, 99.9th(ms): 1744.8, Max(ms): 1744.8
[Current] NEW_ORDER - Takes(s): 9.9, Count: 940, TPM: 5673.0, Sum(ms): 359312.6, Avg(ms): 382.4, 50th(ms): 369.1, 90th(ms): 570.4, 95th(ms): 604.0, 99th(ms): 671.1, 99.9th(ms): 738.2, Max(ms): 771.8
[Current] ORDER_STATUS - Takes(s): 10.0, Count: 71, TPM: 427.8, Sum(ms): 8615.1, Avg(ms): 121.4, 50th(ms): 104.9, 90th(ms): 201.3, 95th(ms): 226.5, 99th(ms): 243.3, 99.9th(ms): 318.8, Max(ms): 318.8
[Current] PAYMENT - Takes(s): 10.0, Count: 922, TPM: 5541.9, Sum(ms): 184151.6, Avg(ms): 199.8, 50th(ms): 176.2, 90th(ms): 285.2, 95th(ms): 318.8, 99th(ms): 453.0, 99.9th(ms): 536.9, Max(ms): 570.4
[Current] STOCK_LEVEL - Takes(s): 9.8, Count: 83, TPM: 507.1, Sum(ms): 8888.8, Avg(ms): 107.0, 50th(ms): 79.7, 90th(ms): 159.4, 95th(ms): 201.3, 99th(ms): 453.0, 99.9th(ms): 570.4, Max(ms): 570.4
[Current] DELIVERY - Takes(s): 10.0, Count: 83, TPM: 498.0, Sum(ms): 55567.6, Avg(ms): 670.2, 50th(ms): 503.3, 90th(ms): 1140.9, 95th(ms): 1140.9, 99th(ms): 1275.1, 99.9th(ms): 1275.1, Max(ms): 1275.1
[Current] NEW_ORDER - Takes(s): 10.0, Count: 884, TPM: 5311.5, Sum(ms): 351804.5, Avg(ms): 398.2, 50th(ms): 385.9, 90th(ms): 570.4, 95th(ms): 637.5, 99th(ms): 704.6, 99.9th(ms): 973.1, Max(ms): 1140.9
[Current] ORDER_STATUS - Takes(s): 9.9, Count: 74, TPM: 447.7, Sum(ms): 8613.6, Avg(ms): 116.4, 50th(ms): 104.9, 90th(ms): 201.3, 95th(ms): 209.7, 99th(ms): 243.3, 99.9th(ms): 335.5, Max(ms): 335.5
[Current] PAYMENT - Takes(s): 10.0, Count: 914, TPM: 5487.3, Sum(ms): 184919.2, Avg(ms): 202.3, 50th(ms): 176.2, 90th(ms): 285.2, 95th(ms): 318.8, 99th(ms): 419.4, 99.9th(ms): 604.0, Max(ms): 738.2
[Current] STOCK_LEVEL - Takes(s): 9.9, Count: 102, TPM: 618.0, Sum(ms): 12040.5, Avg(ms): 117.5, 50th(ms): 79.7, 90th(ms): 209.7, 95th(ms): 335.5, 99th(ms): 520.1, 99.9th(ms): 637.5, Max(ms): 637.5
[Current] DELIVERY - Takes(s): 9.7, Count: 73, TPM: 450.6, Sum(ms): 45228.2, Avg(ms): 621.7, 50th(ms): 486.5, 90th(ms): 1040.2, 95th(ms): 1140.9, 99th(ms): 1208.0, 99.9th(ms): 1610.6, Max(ms): 1610.6
[Current] NEW_ORDER - Takes(s): 10.0, Count: 884, TPM: 5304.3, Sum(ms): 354319.6, Avg(ms): 400.9, 50th(ms): 385.9, 90th(ms): 604.0, 95th(ms): 671.1, 99th(ms): 838.9, 99.9th(ms): 1140.9, Max(ms): 1275.1
[Current] ORDER_STATUS - Takes(s): 10.0, Count: 78, TPM: 470.1, Sum(ms): 9480.7, Avg(ms): 121.8, 50th(ms): 104.9, 90th(ms): 209.7, 95th(ms): 226.5, 99th(ms): 260.0, 99.9th(ms): 285.2, Max(ms): 285.2
[Current] PAYMENT - Takes(s): 10.0, Count: 931, TPM: 5586.5, Sum(ms): 195339.2, Avg(ms): 209.9, 50th(ms): 176.2, 90th(ms): 285.2, 95th(ms): 369.1, 99th(ms): 570.4, 99.9th(ms): 738.2, Max(ms): 906.0
[Current] STOCK_LEVEL - Takes(s): 10.0, Count: 65, TPM: 390.3, Sum(ms): 6744.4, Avg(ms): 104.0, 50th(ms): 79.7, 90th(ms): 151.0, 95th(ms): 302.0, 99th(ms): 436.2, 99.9th(ms): 453.0, Max(ms): 453.0
[Current] DELIVERY - Takes(s): 9.8, Count: 81, TPM: 498.0, Sum(ms): 49993.9, Avg(ms): 618.0, 50th(ms): 503.3, 90th(ms): 1040.2, 95th(ms): 1140.9, 99th(ms): 1140.9, 99.9th(ms): 1140.9, Max(ms): 1140.9
[Current] NEW_ORDER - Takes(s): 10.0, Count: 937, TPM: 5628.4, Sum(ms): 363310.8, Avg(ms): 387.7, 50th(ms): 385.9, 90th(ms): 570.4, 95th(ms): 604.0, 99th(ms): 704.6, 99.9th(ms): 872.4, Max(ms): 1040.2
[Current] ORDER_STATUS - Takes(s): 9.8, Count: 78, TPM: 475.9, Sum(ms): 9512.3, Avg(ms): 122.0, 50th(ms): 104.9, 90th(ms): 201.3, 95th(ms): 209.7, 99th(ms): 251.7, 99.9th(ms): 268.4, Max(ms): 268.4
[Current] PAYMENT - Takes(s): 10.0, Count: 905, TPM: 5431.5, Sum(ms): 180277.4, Avg(ms): 199.3, 50th(ms): 176.2, 90th(ms): 285.2, 95th(ms): 318.8, 99th(ms): 402.7, 99.9th(ms): 503.3, Max(ms): 604.0
[Current] STOCK_LEVEL - Takes(s): 10.0, Count: 68, TPM: 408.1, Sum(ms): 7581.9, Avg(ms): 111.8, 50th(ms): 79.7, 90th(ms): 218.1, 95th(ms): 260.0, 99th(ms): 335.5, 99.9th(ms): 436.2, Max(ms): 436.2
[Current] DELIVERY - Takes(s): 9.9, Count: 83, TPM: 501.6, Sum(ms): 51466.0, Avg(ms): 619.2, 50th(ms): 486.5, 90th(ms): 1040.2, 95th(ms): 1073.7, 99th(ms): 1275.1, 99.9th(ms): 1342.2, Max(ms): 1342.2
[Current] NEW_ORDER - Takes(s): 10.0, Count: 915, TPM: 5497.8, Sum(ms): 363541.5, Avg(ms): 397.2, 50th(ms): 385.9, 90th(ms): 604.0, 95th(ms): 637.5, 99th(ms): 771.8, 99.9th(ms): 872.4, Max(ms): 872.4
[Current] ORDER_STATUS - Takes(s): 9.9, Count: 73, TPM: 440.8, Sum(ms): 9368.5, Avg(ms): 128.8, 50th(ms): 104.9, 90th(ms): 218.1, 95th(ms): 218.1, 99th(ms): 335.5, 99.9th(ms): 536.9, Max(ms): 536.9
[Current] PAYMENT - Takes(s): 10.0, Count: 874, TPM: 5246.2, Sum(ms): 178215.8, Avg(ms): 204.1, 50th(ms): 176.2, 90th(ms): 302.0, 95th(ms): 335.5, 99th(ms): 486.5, 99.9th(ms): 570.4, Max(ms): 704.6
[Current] STOCK_LEVEL - Takes(s): 9.8, Count: 78, TPM: 475.6, Sum(ms): 8687.1, Avg(ms): 111.6, 50th(ms): 79.7, 90th(ms): 167.8, 95th(ms): 268.4, 99th(ms): 419.4, 99.9th(ms): 419.4, Max(ms): 419.4
[Current] DELIVERY - Takes(s): 10.0, Count: 89, TPM: 535.1, Sum(ms): 58087.7, Avg(ms): 654.8, 50th(ms): 486.5, 90th(ms): 1073.7, 95th(ms): 1140.9, 99th(ms): 1140.9, 99.9th(ms): 1342.2, Max(ms): 1342.2
[Current] NEW_ORDER - Takes(s): 10.0, Count: 947, TPM: 5682.6, Sum(ms): 363307.3, Avg(ms): 383.7, 50th(ms): 369.1, 90th(ms): 570.4, 95th(ms): 604.0, 99th(ms): 671.1, 99.9th(ms): 973.1, Max(ms): 1040.2
[Current] ORDER_STATUS - Takes(s): 10.0, Count: 66, TPM: 397.7, Sum(ms): 7262.6, Avg(ms): 110.1, 50th(ms): 100.7, 90th(ms): 176.2, 95th(ms): 209.7, 99th(ms): 218.1, 99.9th(ms): 285.2, Max(ms): 285.2
[Current] PAYMENT - Takes(s): 10.0, Count: 879, TPM: 5283.4, Sum(ms): 171770.1, Avg(ms): 195.5, 50th(ms): 176.2, 90th(ms): 285.2, 95th(ms): 318.8, 99th(ms): 436.2, 99.9th(ms): 604.0, Max(ms): 671.1
[Current] STOCK_LEVEL - Takes(s): 9.8, Count: 67, TPM: 410.8, Sum(ms): 8105.7, Avg(ms): 121.0, 50th(ms): 75.5, 90th(ms): 268.4, 95th(ms): 369.1, 99th(ms): 402.7, 99.9th(ms): 453.0, Max(ms): 453.0
[Current] DELIVERY - Takes(s): 9.8, Count: 78, TPM: 475.3, Sum(ms): 50473.6, Avg(ms): 647.0, 50th(ms): 486.5, 90th(ms): 1073.7, 95th(ms): 1073.7, 99th(ms): 1140.9, 99.9th(ms): 1275.1, Max(ms): 1275.1
[Current] NEW_ORDER - Takes(s): 10.0, Count: 923, TPM: 5542.6, Sum(ms): 357608.7, Avg(ms): 387.5, 50th(ms): 385.9, 90th(ms): 570.4, 95th(ms): 637.5, 99th(ms): 704.6, 99.9th(ms): 805.3, Max(ms): 872.4
[Current] ORDER_STATUS - Takes(s): 9.9, Count: 78, TPM: 472.5, Sum(ms): 8700.5, Avg(ms): 111.6, 50th(ms): 104.9, 90th(ms): 176.2, 95th(ms): 209.7, 99th(ms): 226.5, 99.9th(ms): 243.3, Max(ms): 243.3
[Current] PAYMENT - Takes(s): 10.0, Count: 919, TPM: 5514.3, Sum(ms): 187581.3, Avg(ms): 204.4, 50th(ms): 176.2, 90th(ms): 285.2, 95th(ms): 335.5, 99th(ms): 503.3, 99.9th(ms): 704.6, Max(ms): 704.6
[Current] STOCK_LEVEL - Takes(s): 9.7, Count: 80, TPM: 495.0, Sum(ms): 9443.4, Avg(ms): 117.8, 50th(ms): 79.7, 90th(ms): 268.4, 95th(ms): 318.8, 99th(ms): 352.3, 99.9th(ms): 503.3, Max(ms): 503.3
[Current] DELIVERY - Takes(s): 9.7, Count: 66, TPM: 406.6, Sum(ms): 45704.7, Avg(ms): 692.3, 50th(ms): 486.5, 90th(ms): 1208.0, 95th(ms): 1543.5, 99th(ms): 1543.5, 99.9th(ms): 1610.6, Max(ms): 1610.6
[Current] NEW_ORDER - Takes(s): 10.0, Count: 765, TPM: 4595.2, Sum(ms): 349472.2, Avg(ms): 457.4, 50th(ms): 385.9, 90th(ms): 671.1, 95th(ms): 1140.9, 99th(ms): 1677.7, 99.9th(ms): 2013.3, Max(ms): 2080.4
[Current] ORDER_STATUS - Takes(s): 9.9, Count: 68, TPM: 410.3, Sum(ms): 8840.2, Avg(ms): 130.1, 50th(ms): 104.9, 90th(ms): 218.1, 95th(ms): 251.7, 99th(ms): 352.3, 99.9th(ms): 453.0, Max(ms): 453.0
[Current] PAYMENT - Takes(s): 10.0, Count: 817, TPM: 4906.4, Sum(ms): 199441.9, Avg(ms): 244.2, 50th(ms): 184.5, 90th(ms): 352.3, 95th(ms): 637.5, 99th(ms): 1040.2, 99.9th(ms): 1342.2, Max(ms): 1476.4
[Current] STOCK_LEVEL - Takes(s): 9.8, Count: 63, TPM: 384.9, Sum(ms): 6602.1, Avg(ms): 104.7, 50th(ms): 79.7, 90th(ms): 142.6, 95th(ms): 352.3, 99th(ms): 385.9, 99.9th(ms): 486.5, Max(ms): 486.5
[Current] DELIVERY - Takes(s): 9.9, Count: 93, TPM: 565.3, Sum(ms): 57399.6, Avg(ms): 617.2, 50th(ms): 486.5, 90th(ms): 1040.2, 95th(ms): 1140.9, 99th(ms): 1476.4, 99.9th(ms): 1744.8, Max(ms): 1744.8
[Current] NEW_ORDER - Takes(s): 10.0, Count: 952, TPM: 5722.4, Sum(ms): 365056.7, Avg(ms): 383.7, 50th(ms): 385.9, 90th(ms): 570.4, 95th(ms): 604.0, 99th(ms): 637.5, 99.9th(ms): 738.2, Max(ms): 973.1
[Current] ORDER_STATUS - Takes(s): 10.0, Count: 81, TPM: 487.4, Sum(ms): 9404.6, Avg(ms): 116.0, 50th(ms): 104.9, 90th(ms): 176.2, 95th(ms): 209.7, 99th(ms): 226.5, 99.9th(ms): 260.0, Max(ms): 260.0
[Current] PAYMENT - Takes(s): 10.0, Count: 873, TPM: 5247.8, Sum(ms): 170598.9, Avg(ms): 195.5, 50th(ms): 176.2, 90th(ms): 285.2, 95th(ms): 285.2, 99th(ms): 369.1, 99.9th(ms): 570.4, Max(ms): 604.0
[Current] STOCK_LEVEL - Takes(s): 9.8, Count: 79, TPM: 483.6, Sum(ms): 8899.5, Avg(ms): 112.8, 50th(ms): 79.7, 90th(ms): 251.7, 95th(ms): 318.8, 99th(ms): 369.1, 99.9th(ms): 486.5, Max(ms): 486.5
[Current] DELIVERY - Takes(s): 9.4, Count: 84, TPM: 538.9, Sum(ms): 50394.3, Avg(ms): 599.5, 50th(ms): 486.5, 90th(ms): 1006.6, 95th(ms): 1040.2, 99th(ms): 1040.2, 99.9th(ms): 1073.7, Max(ms): 1073.7
[Current] NEW_ORDER - Takes(s): 10.0, Count: 945, TPM: 5672.5, Sum(ms): 362493.5, Avg(ms): 383.8, 50th(ms): 385.9, 90th(ms): 570.4, 95th(ms): 604.0, 99th(ms): 704.6, 99.9th(ms): 872.4, Max(ms): 1140.9
[Current] ORDER_STATUS - Takes(s): 9.9, Count: 75, TPM: 455.1, Sum(ms): 8318.4, Avg(ms): 111.0, 50th(ms): 104.9, 90th(ms): 192.9, 95th(ms): 201.3, 99th(ms): 234.9, 99.9th(ms): 234.9, Max(ms): 234.9
[Current] PAYMENT - Takes(s): 10.0, Count: 920, TPM: 5527.1, Sum(ms): 181430.6, Avg(ms): 197.4, 50th(ms): 176.2, 90th(ms): 285.2, 95th(ms): 318.8, 99th(ms): 453.0, 99.9th(ms): 671.1, Max(ms): 704.6
[Current] STOCK_LEVEL - Takes(s): 9.8, Count: 77, TPM: 470.2, Sum(ms): 9706.4, Avg(ms): 125.7, 50th(ms): 79.7, 90th(ms): 318.8, 95th(ms): 335.5, 99th(ms): 385.9, 99.9th(ms): 385.9, Max(ms): 385.9
[Current] DELIVERY - Takes(s): 9.7, Count: 79, TPM: 488.3, Sum(ms): 48042.8, Avg(ms): 608.3, 50th(ms): 486.5, 90th(ms): 1040.2, 95th(ms): 1073.7, 99th(ms): 1140.9, 99.9th(ms): 1476.4, Max(ms): 1476.4
[Current] NEW_ORDER - Takes(s): 10.0, Count: 968, TPM: 5808.2, Sum(ms): 369304.3, Avg(ms): 381.5, 50th(ms): 369.1, 90th(ms): 570.4, 95th(ms): 604.0, 99th(ms): 671.1, 99.9th(ms): 939.5, Max(ms): 1006.6
[Current] ORDER_STATUS - Takes(s): 9.9, Count: 77, TPM: 468.5, Sum(ms): 9098.8, Avg(ms): 118.3, 50th(ms): 104.9, 90th(ms): 192.9, 95th(ms): 209.7, 99th(ms): 226.5, 99.9th(ms): 234.9, Max(ms): 234.9
[Current] PAYMENT - Takes(s): 10.0, Count: 889, TPM: 5334.3, Sum(ms): 175315.9, Avg(ms): 197.4, 50th(ms): 176.2, 90th(ms): 285.2, 95th(ms): 302.0, 99th(ms): 469.8, 99.9th(ms): 604.0, Max(ms): 604.0
[Current] STOCK_LEVEL - Takes(s): 9.9, Count: 83, TPM: 501.3, Sum(ms): 8805.4, Avg(ms): 106.1, 50th(ms): 79.7, 90th(ms): 201.3, 95th(ms): 251.7, 99th(ms): 318.8, 99.9th(ms): 402.7, Max(ms): 402.7
[Current] DELIVERY - Takes(s): 9.4, Count: 84, TPM: 533.5, Sum(ms): 53028.7, Avg(ms): 630.9, 50th(ms): 503.3, 90th(ms): 1073.7, 95th(ms): 1073.7, 99th(ms): 1140.9, 99.9th(ms): 1946.2, Max(ms): 1946.2
[Current] NEW_ORDER - Takes(s): 10.0, Count: 891, TPM: 5354.6, Sum(ms): 346679.5, Avg(ms): 389.3, 50th(ms): 385.9, 90th(ms): 570.4, 95th(ms): 604.0, 99th(ms): 671.1, 99.9th(ms): 872.4, Max(ms): 939.5
[Current] ORDER_STATUS - Takes(s): 9.8, Count: 82, TPM: 502.9, Sum(ms): 10630.3, Avg(ms): 129.6, 50th(ms): 109.1, 90th(ms): 218.1, 95th(ms): 226.5, 99th(ms): 234.9, 99.9th(ms): 243.3, Max(ms): 243.3
[Current] PAYMENT - Takes(s): 9.9, Count: 907, TPM: 5470.9, Sum(ms): 187028.1, Avg(ms): 206.3, 50th(ms): 176.2, 90th(ms): 285.2, 95th(ms): 318.8, 99th(ms): 469.8, 99.9th(ms): 704.6, Max(ms): 704.6
[Current] STOCK_LEVEL - Takes(s): 10.0, Count: 86, TPM: 518.2, Sum(ms): 10665.1, Avg(ms): 124.2, 50th(ms): 79.7, 90th(ms): 268.4, 95th(ms): 402.7, 99th(ms): 453.0, 99.9th(ms): 503.3, Max(ms): 503.3
[Current] DELIVERY - Takes(s): 10.0, Count: 87, TPM: 524.5, Sum(ms): 55358.9, Avg(ms): 638.9, 50th(ms): 486.5, 90th(ms): 1140.9, 95th(ms): 1140.9, 99th(ms): 1543.5, 99.9th(ms): 1610.6, Max(ms): 1610.6
[Current] NEW_ORDER - Takes(s): 10.0, Count: 880, TPM: 5292.4, Sum(ms): 353306.2, Avg(ms): 401.6, 50th(ms): 385.9, 90th(ms): 570.4, 95th(ms): 637.5, 99th(ms): 906.0, 99.9th(ms): 1140.9, Max(ms): 1208.0
[Current] ORDER_STATUS - Takes(s): 9.8, Count: 77, TPM: 470.9, Sum(ms): 9669.0, Avg(ms): 125.7, 50th(ms): 109.1, 90th(ms): 209.7, 95th(ms): 243.3, 99th(ms): 285.2, 99.9th(ms): 352.3, Max(ms): 352.3
[Current] PAYMENT - Takes(s): 10.0, Count: 873, TPM: 5255.9, Sum(ms): 181811.7, Avg(ms): 208.5, 50th(ms): 176.2, 90th(ms): 302.0, 95th(ms): 352.3, 99th(ms): 503.3, 99.9th(ms): 637.5, Max(ms): 637.5
[Current] STOCK_LEVEL - Takes(s): 10.0, Count: 78, TPM: 469.6, Sum(ms): 8967.5, Avg(ms): 115.0, 50th(ms): 79.7, 90th(ms): 226.5, 95th(ms): 385.9, 99th(ms): 402.7, 99.9th(ms): 469.8, Max(ms): 469.8
[Current] DELIVERY - Takes(s): 10.0, Count: 97, TPM: 583.8, Sum(ms): 59493.9, Avg(ms): 613.6, 50th(ms): 486.5, 90th(ms): 1040.2, 95th(ms): 1040.2, 99th(ms): 1140.9, 99.9th(ms): 1476.4, Max(ms): 1476.4
[Current] NEW_ORDER - Takes(s): 10.0, Count: 973, TPM: 5842.4, Sum(ms): 368538.9, Avg(ms): 378.8, 50th(ms): 369.1, 90th(ms): 570.4, 95th(ms): 604.0, 99th(ms): 671.1, 99.9th(ms): 805.3, Max(ms): 838.9
[Current] ORDER_STATUS - Takes(s): 10.0, Count: 70, TPM: 420.6, Sum(ms): 8458.3, Avg(ms): 120.8, 50th(ms): 104.9, 90th(ms): 201.3, 95th(ms): 218.1, 99th(ms): 243.3, 99.9th(ms): 251.7, Max(ms): 251.7
[Current] PAYMENT - Takes(s): 10.0, Count: 870, TPM: 5223.8, Sum(ms): 170903.2, Avg(ms): 196.4, 50th(ms): 176.2, 90th(ms): 268.4, 95th(ms): 302.0, 99th(ms): 453.0, 99.9th(ms): 536.9, Max(ms): 637.5
[Current] STOCK_LEVEL - Takes(s): 9.9, Count: 84, TPM: 506.7, Sum(ms): 8497.5, Avg(ms): 101.3, 50th(ms): 75.5, 90th(ms): 151.0, 95th(ms): 243.3, 99th(ms): 419.4, 99.9th(ms): 503.3, Max(ms): 503.3
[Current] DELIVERY - Takes(s): 9.9, Count: 76, TPM: 461.0, Sum(ms): 43817.0, Avg(ms): 576.7, 50th(ms): 486.5, 90th(ms): 1006.6, 95th(ms): 1040.2, 99th(ms): 1275.1, 99.9th(ms): 1543.5, Max(ms): 1543.5
[Current] NEW_ORDER - Takes(s): 10.0, Count: 971, TPM: 5828.3, Sum(ms): 366835.5, Avg(ms): 377.9, 50th(ms): 369.1, 90th(ms): 536.9, 95th(ms): 604.0, 99th(ms): 637.5, 99.9th(ms): 805.3, Max(ms): 805.3
[Current] ORDER_STATUS - Takes(s): 9.9, Count: 84, TPM: 511.0, Sum(ms): 10615.1, Avg(ms): 126.6, 50th(ms): 104.9, 90th(ms): 218.1, 95th(ms): 226.5, 99th(ms): 251.7, 99.9th(ms): 285.2, Max(ms): 285.2
[Current] PAYMENT - Takes(s): 10.0, Count: 878, TPM: 5270.0, Sum(ms): 174939.5, Avg(ms): 199.3, 50th(ms): 176.2, 90th(ms): 285.2, 95th(ms): 318.8, 99th(ms): 486.5, 99.9th(ms): 570.4, Max(ms): 570.4
[Current] STOCK_LEVEL - Takes(s): 9.9, Count: 96, TPM: 580.6, Sum(ms): 10861.8, Avg(ms): 112.9, 50th(ms): 79.7, 90th(ms): 167.8, 95th(ms): 335.5, 99th(ms): 402.7, 99.9th(ms): 419.4, Max(ms): 419.4
[Current] DELIVERY - Takes(s): 10.0, Count: 82, TPM: 492.5, Sum(ms): 49898.3, Avg(ms): 610.2, 50th(ms): 486.5, 90th(ms): 1040.2, 95th(ms): 1073.7, 99th(ms): 1140.9, 99.9th(ms): 1140.9, Max(ms): 1140.9
[Current] NEW_ORDER - Takes(s): 10.0, Count: 954, TPM: 5726.8, Sum(ms): 359388.5, Avg(ms): 376.6, 50th(ms): 369.1, 90th(ms): 536.9, 95th(ms): 604.0, 99th(ms): 671.1, 99.9th(ms): 805.3, Max(ms): 872.4
[Current] ORDER_STATUS - Takes(s): 9.9, Count: 83, TPM: 504.2, Sum(ms): 9903.0, Avg(ms): 119.2, 50th(ms): 104.9, 90th(ms): 209.7, 95th(ms): 226.5, 99th(ms): 251.7, 99.9th(ms): 260.0, Max(ms): 260.0
[Current] PAYMENT - Takes(s): 10.0, Count: 941, TPM: 5649.4, Sum(ms): 185254.3, Avg(ms): 196.8, 50th(ms): 176.2, 90th(ms): 285.2, 95th(ms): 318.8, 99th(ms): 419.4, 99.9th(ms): 536.9, Max(ms): 570.4
[Current] STOCK_LEVEL - Takes(s): 9.5, Count: 76, TPM: 478.6, Sum(ms): 7834.4, Avg(ms): 103.5, 50th(ms): 75.5, 90th(ms): 176.2, 95th(ms): 285.2, 99th(ms): 318.8, 99.9th(ms): 419.4, Max(ms): 419.4
[Current] DELIVERY - Takes(s): 10.0, Count: 80, TPM: 480.3, Sum(ms): 51667.7, Avg(ms): 645.5, 50th(ms): 503.3, 90th(ms): 1073.7, 95th(ms): 1140.9, 99th(ms): 1140.9, 99.9th(ms): 1140.9, Max(ms): 1140.9
[Current] NEW_ORDER - Takes(s): 10.0, Count: 906, TPM: 5448.3, Sum(ms): 358225.2, Avg(ms): 395.8, 50th(ms): 385.9, 90th(ms): 570.4, 95th(ms): 637.5, 99th(ms): 738.2, 99.9th(ms): 939.5, Max(ms): 973.1
[Current] ORDER_STATUS - Takes(s): 9.9, Count: 92, TPM: 558.1, Sum(ms): 11407.6, Avg(ms): 124.1, 50th(ms): 104.9, 90th(ms): 192.9, 95th(ms): 209.7, 99th(ms): 486.5, 99.9th(ms): 536.9, Max(ms): 536.9
[Current] PAYMENT - Takes(s): 10.0, Count: 864, TPM: 5193.4, Sum(ms): 174928.9, Avg(ms): 202.7, 50th(ms): 176.2, 90th(ms): 285.2, 95th(ms): 318.8, 99th(ms): 453.0, 99.9th(ms): 604.0, Max(ms): 671.1
[Current] STOCK_LEVEL - Takes(s): 9.9, Count: 100, TPM: 603.5, Sum(ms): 10565.8, Avg(ms): 106.1, 50th(ms): 79.7, 90th(ms): 159.4, 95th(ms): 218.1, 99th(ms): 402.7, 99.9th(ms): 637.5, Max(ms): 637.5
[Current] DELIVERY - Takes(s): 9.9, Count: 80, TPM: 482.6, Sum(ms): 50699.0, Avg(ms): 633.7, 50th(ms): 486.5, 90th(ms): 1073.7, 95th(ms): 1140.9, 99th(ms): 1208.0, 99.9th(ms): 1275.1, Max(ms): 1275.1
[Current] NEW_ORDER - Takes(s): 10.0, Count: 907, TPM: 5443.3, Sum(ms): 358484.9, Avg(ms): 395.3, 50th(ms): 385.9, 90th(ms): 604.0, 95th(ms): 637.5, 99th(ms): 704.6, 99.9th(ms): 771.8, Max(ms): 939.5
[Current] ORDER_STATUS - Takes(s): 9.7, Count: 82, TPM: 506.4, Sum(ms): 10913.1, Avg(ms): 132.9, 50th(ms): 109.1, 90th(ms): 218.1, 95th(ms): 251.7, 99th(ms): 285.2, 99.9th(ms): 335.5, Max(ms): 335.5
[Current] PAYMENT - Takes(s): 10.0, Count: 919, TPM: 5515.1, Sum(ms): 184406.9, Avg(ms): 200.8, 50th(ms): 176.2, 90th(ms): 285.2, 95th(ms): 318.8, 99th(ms): 419.4, 99.9th(ms): 570.4, Max(ms): 671.1
[Current] STOCK_LEVEL - Takes(s): 10.0, Count: 77, TPM: 464.2, Sum(ms): 7946.0, Avg(ms): 103.5, 50th(ms): 79.7, 90th(ms): 142.6, 95th(ms): 302.0, 99th(ms): 369.1, 99.9th(ms): 385.9, Max(ms): 385.9
[Current] DELIVERY - Takes(s): 10.0, Count: 79, TPM: 474.4, Sum(ms): 48040.3, Avg(ms): 609.6, 50th(ms): 486.5, 90th(ms): 1040.2, 95th(ms): 1140.9, 99th(ms): 1208.0, 99.9th(ms): 1342.2, Max(ms): 1342.2
[Current] NEW_ORDER - Takes(s): 10.0, Count: 878, TPM: 5268.6, Sum(ms): 359305.7, Avg(ms): 409.1, 50th(ms): 385.9, 90th(ms): 604.0, 95th(ms): 671.1, 99th(ms): 872.4, 99.9th(ms): 973.1, Max(ms): 973.1
[Current] ORDER_STATUS - Takes(s): 10.0, Count: 94, TPM: 566.4, Sum(ms): 10887.2, Avg(ms): 115.8, 50th(ms): 104.9, 90th(ms): 192.9, 95th(ms): 209.7, 99th(ms): 218.1, 99.9th(ms): 335.5, Max(ms): 335.5
[Current] PAYMENT - Takes(s): 9.9, Count: 870, TPM: 5248.5, Sum(ms): 179166.0, Avg(ms): 206.2, 50th(ms): 176.2, 90th(ms): 285.2, 95th(ms): 352.3, 99th(ms): 469.8, 99.9th(ms): 738.2, Max(ms): 906.0
[Current] STOCK_LEVEL - Takes(s): 9.9, Count: 85, TPM: 513.6, Sum(ms): 12132.5, Avg(ms): 142.8, 50th(ms): 79.7, 90th(ms): 352.3, 95th(ms): 402.7, 99th(ms): 469.8, 99.9th(ms): 503.3, Max(ms): 503.3
[Current] DELIVERY - Takes(s): 9.8, Count: 81, TPM: 494.3, Sum(ms): 53428.0, Avg(ms): 660.2, 50th(ms): 486.5, 90th(ms): 1040.2, 95th(ms): 1073.7, 99th(ms): 1140.9, 99.9th(ms): 1342.2, Max(ms): 1342.2
[Current] NEW_ORDER - Takes(s): 10.0, Count: 934, TPM: 5616.4, Sum(ms): 355788.3, Avg(ms): 381.3, 50th(ms): 369.1, 90th(ms): 570.4, 95th(ms): 604.0, 99th(ms): 671.1, 99.9th(ms): 872.4, Max(ms): 872.4
[Current] ORDER_STATUS - Takes(s): 10.0, Count: 93, TPM: 558.2, Sum(ms): 10887.1, Avg(ms): 116.8, 50th(ms): 104.9, 90th(ms): 201.3, 95th(ms): 209.7, 99th(ms): 251.7, 99.9th(ms): 251.7, Max(ms): 251.7
[Current] PAYMENT - Takes(s): 10.0, Count: 935, TPM: 5611.6, Sum(ms): 185714.5, Avg(ms): 198.7, 50th(ms): 176.2, 90th(ms): 285.2, 95th(ms): 302.0, 99th(ms): 419.4, 99.9th(ms): 637.5, Max(ms): 872.4
[Current] STOCK_LEVEL - Takes(s): 9.9, Count: 61, TPM: 369.8, Sum(ms): 7620.3, Avg(ms): 124.9, 50th(ms): 75.5, 90th(ms): 335.5, 95th(ms): 352.3, 99th(ms): 402.7, 99.9th(ms): 486.5, Max(ms): 486.5
[Current] DELIVERY - Takes(s): 9.8, Count: 24, TPM: 147.1, Sum(ms): 45383.3, Avg(ms): 1889.2, 50th(ms): 1140.9, 90th(ms): 3623.9, 95th(ms): 4563.4, 99th(ms): 7516.2, 99.9th(ms): 7516.2, Max(ms): 7516.2
[Current] NEW_ORDER - Takes(s): 10.0, Count: 319, TPM: 1920.4, Sum(ms): 298447.4, Avg(ms): 934.8, 50th(ms): 453.0, 90th(ms): 2415.9, 95th(ms): 2684.4, 99th(ms): 3221.2, 99.9th(ms): 3489.7, Max(ms): 3489.7
[Current] ORDER_STATUS - Takes(s): 10.0, Count: 18, TPM: 108.1, Sum(ms): 5307.5, Avg(ms): 294.5, 50th(ms): 113.2, 90th(ms): 570.4, 95th(ms): 838.9, 99th(ms): 1040.2, 99.9th(ms): 1040.2, Max(ms): 1040.2
[Current] PAYMENT - Takes(s): 10.0, Count: 291, TPM: 1746.7, Sum(ms): 163289.7, Avg(ms): 560.4, 50th(ms): 260.0, 90th(ms): 1409.3, 95th(ms): 1744.8, 99th(ms): 2415.9, 99.9th(ms): 2550.1, Max(ms): 2550.1
[Current] STOCK_LEVEL - Takes(s): 10.0, Count: 43, TPM: 258.1, Sum(ms): 10329.5, Avg(ms): 239.7, 50th(ms): 83.9, 90th(ms): 704.6, 95th(ms): 771.8, 99th(ms): 1208.0, 99.9th(ms): 1208.0, Max(ms): 1208.0
[Current] DELIVERY - Takes(s): 9.7, Count: 63, TPM: 388.4, Sum(ms): 54128.7, Avg(ms): 861.1, 50th(ms): 486.5, 90th(ms): 1275.1, 95th(ms): 1811.9, 99th(ms): 4831.8, 99.9th(ms): 5637.1, Max(ms): 5637.1
[Current] NEW_ORDER - Takes(s): 10.0, Count: 880, TPM: 5279.8, Sum(ms): 421856.1, Avg(ms): 480.2, 50th(ms): 385.9, 90th(ms): 604.0, 95th(ms): 973.1, 99th(ms): 3087.0, 99.9th(ms): 3892.3, Max(ms): 4295.0
[Current] ORDER_STATUS - Takes(s): 9.9, Count: 86, TPM: 523.0, Sum(ms): 11160.8, Avg(ms): 129.8, 50th(ms): 104.9, 90th(ms): 201.3, 95th(ms): 268.4, 99th(ms): 469.8, 99.9th(ms): 486.5, Max(ms): 486.5
[Current] PAYMENT - Takes(s): 10.0, Count: 853, TPM: 5130.1, Sum(ms): 198608.4, Avg(ms): 233.3, 50th(ms): 176.2, 90th(ms): 302.0, 95th(ms): 503.3, 99th(ms): 1006.6, 99.9th(ms): 2952.8, Max(ms): 3087.0
[Current] STOCK_LEVEL - Takes(s): 10.0, Count: 75, TPM: 450.1, Sum(ms): 11244.7, Avg(ms): 149.9, 50th(ms): 79.7, 90th(ms): 318.8, 95th(ms): 419.4, 99th(ms): 453.0, 99.9th(ms): 973.1, Max(ms): 973.1
[Current] DELIVERY - Takes(s): 9.8, Count: 89, TPM: 542.4, Sum(ms): 56810.2, Avg(ms): 638.4, 50th(ms): 486.5, 90th(ms): 1040.2, 95th(ms): 1073.7, 99th(ms): 1208.0, 99.9th(ms): 1275.1, Max(ms): 1275.1
[Current] NEW_ORDER - Takes(s): 10.0, Count: 929, TPM: 5582.8, Sum(ms): 351701.7, Avg(ms): 378.7, 50th(ms): 369.1, 90th(ms): 570.4, 95th(ms): 637.5, 99th(ms): 704.6, 99.9th(ms): 805.3, Max(ms): 906.0
[Current] ORDER_STATUS - Takes(s): 9.9, Count: 95, TPM: 573.6, Sum(ms): 11327.4, Avg(ms): 119.3, 50th(ms): 104.9, 90th(ms): 192.9, 95th(ms): 226.5, 99th(ms): 251.7, 99.9th(ms): 302.0, Max(ms): 302.0
[Current] PAYMENT - Takes(s): 10.0, Count: 923, TPM: 5544.4, Sum(ms): 181905.0, Avg(ms): 197.1, 50th(ms): 176.2, 90th(ms): 285.2, 95th(ms): 302.0, 99th(ms): 453.0, 99.9th(ms): 604.0, Max(ms): 704.6
[Current] STOCK_LEVEL - Takes(s): 10.0, Count: 89, TPM: 536.3, Sum(ms): 10915.0, Avg(ms): 122.7, 50th(ms): 79.7, 90th(ms): 268.4, 95th(ms): 352.3, 99th(ms): 419.4, 99.9th(ms): 520.1, Max(ms): 520.1
[Current] DELIVERY - Takes(s): 9.8, Count: 84, TPM: 513.6, Sum(ms): 51695.2, Avg(ms): 615.9, 50th(ms): 486.5, 90th(ms): 1040.2, 95th(ms): 1040.2, 99th(ms): 1140.9, 99.9th(ms): 1275.1, Max(ms): 1275.1
[Current] NEW_ORDER - Takes(s): 10.0, Count: 938, TPM: 5628.4, Sum(ms): 358197.5, Avg(ms): 382.3, 50th(ms): 369.1, 90th(ms): 570.4, 95th(ms): 604.0, 99th(ms): 671.1, 99.9th(ms): 805.3, Max(ms): 872.4
[Current] ORDER_STATUS - Takes(s): 9.7, Count: 77, TPM: 476.4, Sum(ms): 9428.7, Avg(ms): 122.6, 50th(ms): 104.9, 90th(ms): 201.3, 95th(ms): 209.7, 99th(ms): 234.9, 99.9th(ms): 260.0, Max(ms): 260.0
[Current] PAYMENT - Takes(s): 10.0, Count: 865, TPM: 5194.1, Sum(ms): 172725.6, Avg(ms): 200.0, 50th(ms): 176.2, 90th(ms): 285.2, 95th(ms): 318.8, 99th(ms): 436.2, 99.9th(ms): 570.4, Max(ms): 738.2
[Current] STOCK_LEVEL - Takes(s): 9.9, Count: 97, TPM: 585.9, Sum(ms): 13111.1, Avg(ms): 135.1, 50th(ms): 79.7, 90th(ms): 352.3, 95th(ms): 385.9, 99th(ms): 520.1, 99.9th(ms): 570.4, Max(ms): 570.4
[Current] DELIVERY - Takes(s): 10.0, Count: 89, TPM: 535.9, Sum(ms): 63545.0, Avg(ms): 716.0, 50th(ms): 503.3, 90th(ms): 1275.1, 95th(ms): 1342.2, 99th(ms): 1543.5, 99.9th(ms): 1946.2, Max(ms): 1946.2
[Current] NEW_ORDER - Takes(s): 10.0, Count: 864, TPM: 5188.2, Sum(ms): 355580.0, Avg(ms): 411.8, 50th(ms): 402.7, 90th(ms): 604.0, 95th(ms): 637.5, 99th(ms): 838.9, 99.9th(ms): 906.0, Max(ms): 973.1
[Current] ORDER_STATUS - Takes(s): 9.7, Count: 79, TPM: 491.1, Sum(ms): 10028.6, Avg(ms): 126.6, 50th(ms): 104.9, 90th(ms): 201.3, 95th(ms): 285.2, 99th(ms): 335.5, 99.9th(ms): 436.2, Max(ms): 436.2
[Current] PAYMENT - Takes(s): 10.0, Count: 849, TPM: 5098.1, Sum(ms): 179747.6, Avg(ms): 211.8, 50th(ms): 176.2, 90th(ms): 318.8, 95th(ms): 369.1, 99th(ms): 486.5, 99.9th(ms): 738.2, Max(ms): 771.8
[Current] STOCK_LEVEL - Takes(s): 9.9, Count: 75, TPM: 455.2, Sum(ms): 8710.6, Avg(ms): 116.3, 50th(ms): 79.7, 90th(ms): 260.0, 95th(ms): 318.8, 99th(ms): 385.9, 99.9th(ms): 436.2, Max(ms): 436.2
[Current] DELIVERY - Takes(s): 9.7, Count: 64, TPM: 396.2, Sum(ms): 38583.3, Avg(ms): 603.5, 50th(ms): 486.5, 90th(ms): 1006.6, 95th(ms): 1040.2, 99th(ms): 1073.7, 99.9th(ms): 1073.7, Max(ms): 1073.7
[Current] NEW_ORDER - Takes(s): 10.0, Count: 954, TPM: 5724.9, Sum(ms): 364351.5, Avg(ms): 382.0, 50th(ms): 369.1, 90th(ms): 570.4, 95th(ms): 604.0, 99th(ms): 704.6, 99.9th(ms): 838.9, Max(ms): 872.4
[Current] ORDER_STATUS - Takes(s): 9.9, Count: 81, TPM: 491.3, Sum(ms): 9824.9, Avg(ms): 121.3, 50th(ms): 104.9, 90th(ms): 201.3, 95th(ms): 218.1, 99th(ms): 234.9, 99.9th(ms): 285.2, Max(ms): 285.2
[Current] PAYMENT - Takes(s): 10.0, Count: 953, TPM: 5730.9, Sum(ms): 184614.6, Avg(ms): 193.7, 50th(ms): 176.2, 90th(ms): 268.4, 95th(ms): 302.0, 99th(ms): 453.0, 99.9th(ms): 738.2, Max(ms): 771.8
[Current] STOCK_LEVEL - Takes(s): 9.8, Count: 88, TPM: 540.0, Sum(ms): 11562.8, Avg(ms): 131.0, 50th(ms): 79.7, 90th(ms): 318.8, 95th(ms): 352.3, 99th(ms): 419.4, 99.9th(ms): 469.8, Max(ms): 469.8
[Current] DELIVERY - Takes(s): 10.0, Count: 74, TPM: 445.1, Sum(ms): 42871.2, Avg(ms): 579.5, 50th(ms): 486.5, 90th(ms): 1040.2, 95th(ms): 1073.7, 99th(ms): 1140.9, 99.9th(ms): 1208.0, Max(ms): 1208.0
[Current] NEW_ORDER - Takes(s): 10.0, Count: 975, TPM: 5854.9, Sum(ms): 374351.1, Avg(ms): 384.2, 50th(ms): 369.1, 90th(ms): 570.4, 95th(ms): 637.5, 99th(ms): 671.1, 99.9th(ms): 973.1, Max(ms): 973.1
[Current] ORDER_STATUS - Takes(s): 9.9, Count: 89, TPM: 538.3, Sum(ms): 10903.1, Avg(ms): 122.6, 50th(ms): 104.9, 90th(ms): 209.7, 95th(ms): 218.1, 99th(ms): 218.1, 99.9th(ms): 369.1, Max(ms): 369.1
[Current] PAYMENT - Takes(s): 10.0, Count: 881, TPM: 5296.9, Sum(ms): 174371.5, Avg(ms): 198.2, 50th(ms): 176.2, 90th(ms): 285.2, 95th(ms): 302.0, 99th(ms): 419.4, 99.9th(ms): 486.5, Max(ms): 520.1
[Current] STOCK_LEVEL - Takes(s): 10.0, Count: 81, TPM: 486.1, Sum(ms): 10163.9, Avg(ms): 125.3, 50th(ms): 79.7, 90th(ms): 285.2, 95th(ms): 335.5, 99th(ms): 436.2, 99.9th(ms): 436.2, Max(ms): 436.2
[Current] DELIVERY - Takes(s): 9.9, Count: 89, TPM: 541.5, Sum(ms): 53812.3, Avg(ms): 603.4, 50th(ms): 486.5, 90th(ms): 1006.6, 95th(ms): 1040.2, 99th(ms): 1208.0, 99.9th(ms): 1275.1, Max(ms): 1275.1
[Current] NEW_ORDER - Takes(s): 10.0, Count: 941, TPM: 5651.9, Sum(ms): 355292.6, Avg(ms): 377.5, 50th(ms): 369.1, 90th(ms): 570.4, 95th(ms): 604.0, 99th(ms): 671.1, 99.9th(ms): 738.2, Max(ms): 738.2
[Current] ORDER_STATUS - Takes(s): 9.8, Count: 72, TPM: 441.3, Sum(ms): 8641.8, Avg(ms): 119.9, 50th(ms): 104.9, 90th(ms): 192.9, 95th(ms): 201.3, 99th(ms): 209.7, 99.9th(ms): 243.3, Max(ms): 243.3
[Current] PAYMENT - Takes(s): 10.0, Count: 917, TPM: 5510.6, Sum(ms): 180200.6, Avg(ms): 196.6, 50th(ms): 176.2, 90th(ms): 285.2, 95th(ms): 302.0, 99th(ms): 419.4, 99.9th(ms): 604.0, Max(ms): 604.0
[Current] STOCK_LEVEL - Takes(s): 9.9, Count: 91, TPM: 550.7, Sum(ms): 10607.9, Avg(ms): 116.6, 50th(ms): 75.5, 90th(ms): 251.7, 95th(ms): 318.8, 99th(ms): 385.9, 99.9th(ms): 453.0, Max(ms): 453.0
